##############      ###############
current version: none
[    0.000000] Booting Linux on physical CPU 0x0
[    0.000000] Linux version 3.18.48 (liuyu@ubuntu) (gcc version 4.9.3 (GCC) ) #1 PREEMPT Fri May 29 15:42:13 CST 2020
[    0.000000] CPU: ARMv7 Processor [410fc075] revision 5 (ARMv7), cr=10c53c7d
[    0.000000] CPU: PIPT / VIPT nonaliasing data cache, VIPT aliasing instruction cache
[    0.000000] Machine model: Qualcomm Technologies, Inc. MDM 9607 MTP
[    0.000000] Reserved memory: reserved region for node 'modem_adsp_region@0': base 0x82700000, size 83 MiB
[    0.000000] Reserved memory: reserved region for node 'cnss_debug_region@0': base 0x87a00000, size 2 MiB
[    0.000000] Reserved memory: reserved region for node 'external_image_region@0': base 0x87c00000, size 4 MiB
[    0.000000] Removed memory: created DMA memory pool at 0x82700000, size 83 MiB
[    0.000000] Reserved memory: initialized node modem_adsp_region@0, compatible id removed-dma-pool
[    0.000000] Removed memory: created DMA memory pool at 0x87a00000, size 2 MiB
[    0.000000] Reserved memory: initialized node cnss_debug_region@0, compatible id removed-dma-pool
[    0.000000] Removed memory: created DMA memory pool at 0x87c00000, size 4 MiB
[    0.000000] Reserved memory: initialized node external_image_region@0, compatible id removed-dma-pool
[    0.000000] Reserved memory: allocated memory for 'audio_region@0' node: base 0x8fc00000, size 4 MiB
[    0.000000] Reserved memory: created CMA memory pool at 0x8fc00000, size 4 MiB
[    0.000000] Reserved memory: initialized node audio_region@0, compatible id shared-dma-pool
[    0.000000] cma: Reserved 4 MiB at 0x8f800000
[    0.000000] Memory policy: Data cache writeback
[    0.000000] On node 0 totalpages: 64000
[    0.000000] free_area_init_node: node 0, pgdat c0bee454, node_mem_map cf5cc000
[    0.000000]   Normal zone: 512 pages used for memmap
[    0.000000]   Normal zone: 0 pages reserved
[    0.000000]   Normal zone: 64000 pages, LIFO batch:15
[    0.000000] CPU: All CPU(s) started in SVC mode.
[    0.000000] pcpu-alloc: s0 r0 d32768 u32768 alloc=1*32768
[    0.000000] pcpu-alloc: [0] 0 
[    0.000000] Built 1 zonelists in Zone order, mobility grouping on.  Total pages: 63488
[    0.000000] Kernel command line: noinitrd ro console=ttyHSL0,115200,n8 androidboot.hardware=qcom ehci-hcd.park=3 msm_rtb.filter=0x37 lpm_levels.sleep_disabled=1 earlycon=msm_hsl_uart,0x78b0000 androidboot.serialno=31ff9bcf androidboot.authorized_kernel=true androidboot.baseband=msm rootfstype=ubifs rootflags=bulk_read root=ubi0:rootfs ubi.mtd=22 ubi.mtd=13
[    0.000000] PID hash table entries: 1024 (order: 0, 4096 bytes)
[    0.000000] Dentry cache hash table entries: 32768 (order: 5, 131072 bytes)
[    0.000000] Inode-cache hash table entries: 16384 (order: 4, 65536 bytes)
[    0.000000] Memory: 146384K/256000K available (7750K kernel code, 621K rwdata, 3284K rodata, 314K init, 1304K bss, 109616K reserved)
[    0.000000] Virtual kernel memory layout:
[    0.000000]     vector  : 0xffff0000 - 0xffff1000   (   4 kB)
[    0.000000]     fixmap  : 0xffc00000 - 0xfff00000   (3072 kB)
[    0.000000]     vmalloc : 0xd0800000 - 0xff000000   ( 744 MB)
[    0.000000]     lowmem  : 0xc0000000 - 0xd0000000   ( 256 MB)
[    0.000000]     modules : 0xbf000000 - 0xc0000000   (  16 MB)
[    0.000000]       .text : 0xc0008000 - 0xc0799d0c   (7752 kB)
[    0.000000]       .init : 0xc0b0a000 - 0xc0b58a7c   ( 315 kB)
[    0.000000]       .data : 0xc0b5a000 - 0xc0bf55f4   ( 622 kB)
[    0.000000]        .bss : 0xc0bf56b8 - 0xc0d3ba2c   (1305 kB)
[    0.000000] SLUB: HWalign=64, Order=0-3, MinObjects=0, CPUs=1, Nodes=1
[    0.000000] Preemptible hierarchical RCU implementation.
[    0.000000] 
[    0.000000] **********************************************************
[    0.000000] **   NOTICE NOTICE NOTICE NOTICE NOTICE NOTICE NOTICE   **
[    0.000000] **                                                      **
[    0.000000] ** trace_printk() being used. Allocating extra memory.  **
[    0.000000] **                                                      **
[    0.000000] ** This means that this is a DEBUG kernel and it is     **
[    0.000000] ** unsafe for produciton use.                           **
[    0.000000] **                                                      **
[    0.000000] ** If you see this message and you are not debugging    **
[    0.000000] ** the kernel, report this immediately to your vendor!  **
[    0.000000] **                                                      **
[    0.000000] **   NOTICE NOTICE NOTICE NOTICE NOTICE NOTICE NOTICE   **
[    0.000000] **********************************************************
[    0.000000] NR_IRQS:16 nr_irqs:16 16
[    0.000000] GIC CPU mask not found - kernel will fail to boot.
[    0.000000] GIC CPU mask not found - kernel will fail to boot.
[    0.000000] mpm_init_irq_domain(): Cannot find irq controller for qcom,gpio-parent
[    0.000000] MPM 1 irq mapping errored -517
[    0.000000] Architected mmio timer(s) running at 19.20MHz (virt).
[    0.000009] sched_clock: 56 bits at 19MHz, resolution 52ns, wraps every 3579139424256ns
[    0.000025] Switching to timer-based delay loop, resolution 52ns
[    0.000044] Switched to clocksource arch_mem_counter
[    0.000888] Console: colour dummy device 80x30
[    0.000910] Calibrating delay loop (skipped), value calculated using timer frequency.. 38.40 BogoMIPS (lpj=192000)
[    0.000927] pid_max: default: 32768 minimum: 301
[    0.001026] Mount-cache hash table entries: 1024 (order: 0, 4096 bytes)
[    0.001039] Mountpoint-cache hash table entries: 1024 (order: 0, 4096 bytes)
[    0.001546] CPU: Testing write buffer coherency: ok
[    0.001881] Setting up static identity map for 0x80799178 - 0x807991d0
[    0.002933] MSM Memory Dump base table set up
[    0.002974] MSM Memory Dump apps data table set up
[    0.006481] VFP support v0.3: implementor 41 architecture 2 part 30 variant 7 rev 5
[    0.007440] pinctrl core: initialized pinctrl subsystem
[    0.007828] regulator-dummy: no parameters
[    0.043372] NET: Registered protocol family 16
[    0.045223] DMA: preallocated 256 KiB pool for atomic coherent allocations
[    0.100101] cpuidle: using governor ladder
[    0.130092] cpuidle: using governor menu
[    0.160091] cpuidle: using governor qcom
[    0.168235] msm_watchdog b017000.qcom,wdt: wdog absent resource not present
[    0.168506] msm_watchdog b017000.qcom,wdt: MSM Watchdog Initialized
[    0.171421] irq: no irq domain found for /soc/pinctrl@1000000 !
[    0.172497] irq: no irq domain found for /soc/pinctrl@1000000 !
[    0.173188] platform soc:qcom,msm-audio-ion: assigned reserved memory node audio_region@0
[    0.177244] spmi_pmic_arb 200f000.qcom,spmi: PMIC Arb Version-2 0x20010000
[    0.179984] platform 4080000.qcom,mss: assigned reserved memory node modem_adsp_region@0
[    0.180667] irq: no irq domain found for /soc/pinctrl@1000000 !
[    0.181533] irq: no irq domain found for /soc/pinctrl@1000000 !
[    0.182833] mem_acc_corner: 0 <--> 0 mV 
[    0.183982] hw-breakpoint: found 5 (+1 reserved) breakpoint and 4 watchpoint registers.
[    0.183996] hw-breakpoint: maximum watchpoint size is 8 bytes.
[    0.184965] gpiochip_add: registered GPIOs 0 to 79 on device: 1000000.pinctrl
[    0.184986] GPIO chip 1000000.pinctrl: created GPIO range 0->79 ==> 1000000.pinctrl PIN 0->79
[    0.185495] __of_mpm_init(): MPM driver mapping exists
[    0.186056] msm_rpm_glink_dt_parse: qcom,rpm-glink compatible not matches
[    0.186071] msm_rpm_dev_probe: APSS-RPM communication over SMD
[    0.186084] smd_open() before smd_init()
[    0.186719] msm_mpm_dev_probe(): Cannot get clk resource for XO: -517
[    0.189084] smd_channel_probe_now: allocation table not initialized
[    0.191112] mdm9607_s1: 1050 <--> 1350 mV at 1100 mV normal idle 
[    0.191280] spm_regulator_probe: name=mdm9607_s1, range=LV, voltage=1100000 uV, mode=AUTO, step rate=4800 uV/us
[    0.191784] cpr_efuse_init: apc_corner: efuse_addr = 0x000a4000 (len=0x1000)
[    0.191831] cpr_read_fuse_revision: apc_corner: fuse revision = 2
[    0.191850] cpr_parse_speed_bin_fuse: apc_corner: [row: 37]: 0x5900b03231ff9bcf, speed_bits = 4
[    0.191931] cpr_pvs_init: apc_corner: pvs voltage: [1050000 1100000 1225000] uV
[    0.191945] cpr_pvs_init: apc_corner: ceiling voltage: [1050000 1225000 1350000] uV
[    0.191958] cpr_pvs_init: apc_corner: floor voltage: [1050000 1050000 1150000] uV
[    0.195040] msm-thermal soc:qcom,msm-thermal: msm_thermal:Failed reading node=/soc/qcom,msm-thermal, key=qcom,core-limit-temp. err=-22. KTM continues
[    0.195076] msm-thermal soc:qcom,msm-thermal: probe_therm_reset:Failed reading node=/soc/qcom,msm-thermal, key=qcom,therm-reset-temp err=-22. KTM continues
[    0.195135] msm_thermal:msm_thermal_dev_probe Failed reading node=/soc/qcom,msm-thermal, key=qcom,online-hotplug-core. err:-517
[    0.196073] sps:sps is ready.
[    0.198290] msm_rpm_glink_dt_parse: qcom,rpm-glink compatible not matches
[    0.198309] msm_rpm_dev_probe: APSS-RPM communication over SMD
[    0.199243] mdm9607_s2: 750 <--> 1275 mV at 750 mV normal idle 
[    0.199954] mdm9607_s3_level: 0 <--> 0 mV at 0 mV normal idle 
[    0.200581] mdm9607_s3_level_ao: 0 <--> 0 mV at 0 mV normal idle 
[    0.201072] mdm9607_s3_floor_level: 0 <--> 0 mV at 0 mV normal idle 
[    0.201523] mdm9607_s3_level_so: 0 <--> 0 mV at 0 mV normal idle 
[    0.202172] mdm9607_s4: 1800 <--> 1950 mV at 1800 mV normal idle 
[    0.202833] mdm9607_l1: 1250 mV normal idle 
[    0.203482] mdm9607_l2: 1800 mV normal idle 
[    0.204137] mdm9607_l3: 1800 mV normal idle 
[    0.204775] mdm9607_l4: 3075 mV normal idle 
[    0.205439] mdm9607_l5: 1700 <--> 3050 mV at 1700 mV normal idle 
[    0.206058] mdm9607_l6: 1700 <--> 3050 mV at 1700 mV normal idle 
[    0.206651] mdm9607_l7: 1700 <--> 1900 mV at 1700 mV normal idle 
[    0.207267] mdm9607_l8: 1800 mV normal idle 
[    0.207875] mdm9607_l9: 1200 <--> 1250 mV at 1200 mV normal idle 
[    0.208505] mdm9607_l10: 1050 mV normal idle 
[    0.209142] mdm9607_l11: 1800 mV normal idle 
[    0.209764] mdm9607_l12_level: 0 <--> 0 mV at 0 mV normal idle 
[    0.210517] mdm9607_l12_level_ao: 0 <--> 0 mV at 0 mV normal idle 
[    0.210994] mdm9607_l12_level_so: 0 <--> 0 mV at 0 mV normal idle 
[    0.211460] mdm9607_l12_floor_lebel: 0 <--> 0 mV at 0 mV normal idle 
[    0.212105] mdm9607_l13: 1800 <--> 2850 mV at 2850 mV normal idle 
[    0.212736] mdm9607_l14: 2650 <--> 3000 mV at 2650 mV normal idle 
[    0.212962] msm_mpm_dev_probe(): Cannot get clk resource for XO: -517
[    0.213251] cpr_efuse_init: apc_corner: efuse_addr = 0x000a4000 (len=0x1000)
[    0.213301] cpr_read_fuse_revision: apc_corner: fuse revision = 2
[    0.213319] cpr_parse_speed_bin_fuse: apc_corner: [row: 37]: 0x5900b03231ff9bcf, speed_bits = 4
[    0.213399] cpr_pvs_init: apc_corner: pvs voltage: [1050000 1100000 1225000] uV
[    0.213413] cpr_pvs_init: apc_corner: ceiling voltage: [1050000 1225000 1350000] uV
[    0.213427] cpr_pvs_init: apc_corner: floor voltage: [1050000 1050000 1150000] uV
[    0.213617] cpr_init_cpr_parameters: apc_corner: up threshold = 2, down threshold = 3
[    0.213645] cpr_init_cpr_parameters: apc_corner: CPR is enabled by default.
[    0.213692] cpr_init_cpr_efuse: apc_corner: [row:65] = 0x15a00294294368
[    0.213713] cpr_init_cpr_efuse: apc_corner: CPR disable fuse = 0
[    0.213727] cpr_init_cpr_efuse: apc_corner: Corner[1]: ro_sel = 0, target quot = 660
[    0.213740] cpr_init_cpr_efuse: apc_corner: Corner[2]: ro_sel = 0, target quot = 660
[    0.213752] cpr_init_cpr_efuse: apc_corner: Corner[3]: ro_sel = 0, target quot = 872
[    0.213928] cpr_config: apc_corner: Timer count: 0x17700 (for 5000 us)
[    0.214399] apc_corner: 0 <--> 0 mV 
[    0.214957] msm-thermal soc:qcom,msm-thermal: msm_thermal:Failed reading node=/soc/qcom,msm-thermal, key=qcom,core-limit-temp. err=-22. KTM continues
[    0.214988] msm-thermal soc:qcom,msm-thermal: probe_therm_reset:Failed reading node=/soc/qcom,msm-thermal, key=qcom,therm-reset-temp err=-22. KTM continues
[    0.215101] msm_thermal:get_kernel_cluster_info CPU0 topology not initialized.
[    0.215935] cpu cpu0: dev_pm_opp_get_opp_count: device OPP not found (-19)
[    0.215950] msm_thermal:get_cpu_freq_plan_len Error reading CPU0 freq table len. error:-19
[    0.215961] msm_thermal:vdd_restriction_reg_init Defer vdd rstr freq init.
[    0.216445] cpu cpu0: dev_pm_opp_get_opp_count: device OPP not found (-19)
[    0.216459] msm_thermal:get_cpu_freq_plan_len Error reading CPU0 freq table len. error:-19
[    0.216473] cpu cpu0: dev_pm_opp_get_opp_count: device OPP not found (-19)
[    0.216483] msm_thermal:get_cpu_freq_plan_len Error reading CPU0 freq table len. error:-19
[    0.224387] qcom,gcc-mdm9607 1800000.qcom,gcc: Registered GCC clocks
[    0.224810] clock-a7 b010008.qcom,clock-a7: Speed bin: 4 PVS Version: 0
[    0.224876] a7ssmux: set OPP pair(400000000 Hz: 1 uV) on cpu0
[    0.224911] a7ssmux: set OPP pair(1305600000 Hz: 7 uV) on cpu0
[    0.281505] gpiochip_find_base: found new base at 1018
[    0.281645] gpiochip_add: registered GPIOs 1018 to 1023 on device: pm8019-gpio
[    0.281930] qcom,qpnp-pin qpnp-pin-6: qpnp_pin_probe: gpio_chip registered between 1018-1023
[    0.282090] gpiochip_find_base: found new base at 1012
[    0.282218] gpiochip_add: registered GPIOs 1012 to 1017 on device: pm8019-mpp
[    0.282636] qcom,qpnp-pin qpnp-pin-7: qpnp_pin_probe: gpio_chip registered between 1012-1017
[    0.282931] KPI: Bootloader start count = 29254
[    0.282944] KPI: Bootloader end count = 70131
[    0.282955] KPI: Bootloader display count = 926215009
[    0.282965] KPI: Bootloader load kernel count = 23820
[    0.282975] KPI: Kernel MPM timestamp = 92431
[    0.282984] KPI: Kernel MPM Clock frequency = 32768
[    0.283016] socinfo_print: v0.10, id=299, ver=1.0, raw_id=75, raw_ver=0, hw_plat=8, hw_plat_ver=65536
[    0.283016]  accessory_chip=0, hw_plat_subtype=0, pmic_model=65539, pmic_die_revision=131074 foundry_id=1 serial_number=838835151
[    0.283434] of_get_named_gpiod_flags: parsed 'gpio' property of node '/soc/sdcard_ext_vreg[0]' - status (0)
[    0.283636] sdcard_ext_vreg: no parameters
[    0.283821] of_get_named_gpiod_flags: parsed 'gpio' property of node '/soc/rome_vreg[0]' - status (0)
[    0.284000] rome_vreg: no parameters
[    0.284171] of_get_named_gpiod_flags: parsed 'gpio' property of node '/soc/emac_lan_vreg[0]' - status (0)
[    0.284329] emac_lan_vreg: no parameters
[    0.285335] SCSI subsystem initialized
[    0.285691] usbcore: registered new interface driver usbfs
[    0.285771] usbcore: registered new interface driver hub
[    0.285943] usbcore: registered new device driver usb
[    0.286528] i2c-msm-v2 78b6000.i2c: probing driver i2c-msm-v2
[    0.286625] AXI: msm_bus_scale_register_client(): msm_bus_scale_register_client: Bus driver not ready.
[    0.286642] i2c-msm-v2 78b6000.i2c: msm_bus_scale_register_client(mstr-id:86):0 (not a problem)
[    0.287348] i2c-msm-v2 78b8000.i2c: probing driver i2c-msm-v2
[    0.287439] AXI: msm_bus_scale_register_client(): msm_bus_scale_register_client: Bus driver not ready.
[    0.287457] i2c-msm-v2 78b8000.i2c: msm_bus_scale_register_client(mstr-id:86):0 (not a problem)
[    0.290677] pps_core: LinuxPPS API ver. 1 registered
[    0.290695] pps_core: Software ver. 5.3.6 - Copyright 2005-2007 Rodolfo Giometti <giometti@linux.it>
[    0.290736] PTP clock support registered
[    0.291526] cpufreq: driver msm up and running
[    0.292062] platform soc:qcom,ion:qcom,ion-heap@28: assigned reserved memory node audio_region@0
[    0.292556] ION heap system created
[    0.292736] ION heap audio created at 0x8fc00000 with size 400000
[    0.292751] ION heap qsecom created at 0x8f800000 with size 400000
[    0.293099] msm_bus_fabric_init_driver
[    0.299180] qcom,qpnp-power-on qpnp-power-on-1: PMIC@SID0 Power-on reason: Triggered from CBL (external power supply) and 'cold' boot
[    0.299209] qcom,qpnp-power-on qpnp-power-on-1: PMIC@SID0: Unknown power-off reason
[    0.299419] input: qpnp_pon as /devices/virtual/input/input0
[    0.299760] PMIC@SID0: PM8019 v2.2 options: 3, 2, 2, 2
[    0.300620] Advanced Linux Sound Architecture Driver Initialized.
[    0.301177] Bluetooth: cf1e7ed0
[    0.301217] NET: Registered protocol family 31
[    0.301226] Bluetooth: cf1e7ed0
[    0.301239] Bluetooth: cf1e7ec8Bluetooth: cf1e7eb8
[    0.301280] Bluetooth: cf1e7eb8<6>[    0.301538] cfg80211: Calling CRDA to update world regulatory domain
[    0.301567] cfg80211: World regulatory domain updated:
[    0.301575] cfg80211:  DFS Master region: unset
[    0.301583] cfg80211:   (start_freq - end_freq @ bandwidth), (max_antenna_gain, max_eirp), (dfs_cac_time)
[    0.301594] cfg80211:   (2402000 KHz - 2472000 KHz @ 40000 KHz), (N/A, 2000 mBm), (N/A)
[    0.301603] cfg80211:   (2457000 KHz - 2482000 KHz @ 40000 KHz), (N/A, 2000 mBm), (N/A)
[    0.301613] cfg80211:   (2474000 KHz - 2494000 KHz @ 20000 KHz), (N/A, 2000 mBm), (N/A)
[    0.301622] cfg80211:   (5170000 KHz - 5250000 KHz @ 80000 KHz), (N/A, 2000 mBm), (N/A)
[    0.301632] cfg80211:   (5250000 KHz - 5330000 KHz @ 80000 KHz), (N/A, 2000 mBm), (N/A)
[    0.301641] cfg80211:   (5490000 KHz - 5710000 KHz @ 80000 KHz), (N/A, 2000 mBm), (N/A)
[    0.301651] cfg80211:   (5735000 KHz - 5835000 KHz @ 80000 KHz), (N/A, 2000 mBm), (N/A)
[    0.301660] cfg80211:   (57240000 KHz - 63720000 KHz @ 2160000 KHz), (N/A, 0 mBm), (N/A)
[    0.302562] Switched to clocksource arch_mem_counter
[    0.322630] NET: Registered protocol family 2
[    0.323210] TCP established hash table entries: 2048 (order: 1, 8192 bytes)
[    0.323238] TCP bind hash table entries: 2048 (order: 1, 8192 bytes)
[    0.323261] TCP: Hash tables configured (established 2048 bind 2048)
[    0.323309] TCP: reno registered
[    0.323320] UDP hash table entries: 256 (order: 0, 4096 bytes)
[    0.323335] UDP-Lite hash table entries: 256 (order: 0, 4096 bytes)
[    0.323470] NET: Registered protocol family 1
[    0.325146] futex hash table entries: 256 (order: -1, 3072 bytes)
[    0.330417] msgmni has been set to 301
[    0.332154] Block layer SCSI generic (bsg) driver version 0.4 loaded (major 248)
[    0.332173] io scheduler noop registered
[    0.332185] io scheduler deadline registered
[    0.332298] io scheduler cfq registered (default)
[    0.332385] gpiochip_find_base: found new base at 980
[    0.332486] gpiochip_add: registered GPIOs 980 to 1011 on device: smp2p
[    0.332621] gpiochip_find_base: found new base at 948
[    0.332704] gpiochip_add: registered GPIOs 948 to 979 on device: smp2p
[    0.332745] gpiochip_find_base: found new base at 916
[    0.332831] gpiochip_add: registered GPIOs 916 to 947 on device: smp2p
[    0.332945] gpiochip_find_base: found new base at 884
[    0.333024] gpiochip_add: registered GPIOs 884 to 915 on device: smp2p
[    0.333056] gpiochip_find_base: found new base at 852
[    0.333132] gpiochip_add: registered GPIOs 852 to 883 on device: slave-kernel
[    0.333226] gpiochip_find_base: found new base at 852
[    0.333307] gpiochip_add: registered GPIOs 852 to 883 on device: master-kernel
[    0.339369] scm_call failed with error code -4
[    0.339386] msm_audio_protect_memory_region: SCM call failed, scm_call_ret -95 tz_resp 0
[    0.341307] msm_rpm_log_probe: OK
[    0.342338] pil-q6v5-mss 4080000.qcom,mss: Failed to find the pas_id.
[    0.342377] of_get_named_gpiod_flags: parsed 'qcom,gpio-proxy-unvote' property of node '/soc/qcom,mss@4080000[0]' - status (-517)
[    0.343243] of_get_named_gpiod_flags: can't parse 'qcom,tx-gpio' property of node '/soc/uart@78b1000[0]'
[    0.343257] uart_tx_gpio is not available
[    0.343267] of_get_named_gpiod_flags: can't parse 'qcom,rx-gpio' property of node '/soc/uart@78b1000[0]'
[    0.343274] uart_rx_gpio is not available
[    0.343283] of_get_named_gpiod_flags: can't parse 'qcom,cts-gpio' property of node '/soc/uart@78b1000[0]'
[    0.343290] uart_cts_gpio is not available
[    0.343299] of_get_named_gpiod_flags: can't parse 'qcom,rfr-gpio' property of node '/soc/uart@78b1000[0]'
[    0.343305] uart_rfr_gpio is not available
[    0.343368] Wakeup irq not specified.
[    0.343714] sps: BAM device 0x07884000 is not registered yet.
[    0.343955] sps:BAM 0x07884000 is registered.
[    0.345991] 78b1000.uart: ttyHS0 at MMIO 0x78b1000 (irq = 28, base_baud = 460800) is a MSM HS UART
[    0.346006] msm_hs_set_mctrl_locked(): Clocks are off
[    0.347831] of_get_named_gpiod_flags: can't parse 'qcom,tx-gpio' property of node '/soc/uart@78b3000[0]'
[    0.347844] uart_tx_gpio is not available
[    0.347854] of_get_named_gpiod_flags: can't parse 'qcom,rx-gpio' property of node '/soc/uart@78b3000[0]'
[    0.347861] uart_rx_gpio is not available
[    0.347871] of_get_named_gpiod_flags: can't parse 'qcom,cts-gpio' property of node '/soc/uart@78b3000[0]'
[    0.347878] uart_cts_gpio is not available
[    0.347887] of_get_named_gpiod_flags: can't parse 'qcom,rfr-gpio' property of node '/soc/uart@78b3000[0]'
[    0.347894] uart_rfr_gpio is not available
[    0.350302] 78b3000.uart: ttyHS1 at MMIO 0x78b3000 (irq = 29, base_baud = 460800) is a MSM HS UART
[    0.350316] msm_hs_set_mctrl_locked(): Clocks are off
[    0.352150] msm_serial_hs module loaded
[    0.352558] msm_serial_hsl_probe: detected port #0 (ttyHSL0)
[    0.352600] AXI: get_pdata(): Error: Client name not found
[    0.352609] AXI: msm_bus_cl_get_pdata(): client has to provide missing entry for successful registration
[    0.352616] msm_serial_hsl_probe: Bus scaling is disabled
[    0.352727] 78b0000.serial: ttyHSL0 at MMIO 0x78b0000 (irq = 24, base_baud = 460800) is a MSM
[    0.352779] msm_hsl_console_setup: console setup on port #0
[    0.353440] console [ttyHSL0] enabled
[    0.353797] msm_serial_hsl_init: driver initialized
[    0.368060] brd: module loaded
[    0.370412] loop: module loaded
[    0.372713] i2c-core: driver [tabla-i2c-core] using legacy suspend method
[    0.372727] i2c-core: driver [tabla-i2c-core] using legacy resume method
[    0.372826] i2c-core: driver [wcd9xxx-i2c-core] using legacy suspend method
[    0.372834] i2c-core: driver [wcd9xxx-i2c-core] using legacy resume method
[    0.372926] i2c-core: driver [tasha-i2c-core] using legacy suspend method
[    0.372934] i2c-core: driver [tasha-i2c-core] using legacy resume method
[    0.373429] QCE50: __qce_get_device_tree_data: BAM Apps EE is not defined, setting to default 1
[    0.373893] qce 720000.qcedev: Qualcomm Crypto 5.3.3 device found @0x720000
[    0.373910] qce 720000.qcedev: CE device = 0x0
[    0.373910] , IO base, CE = 0xd0b80000
[    0.373910] , Consumer (IN) PIPE 2,    Producer (OUT) PIPE 3
[    0.373910] IO base BAM = 0x  (null)
[    0.373910] BAM IRQ 48
[    0.373910] Engines Availability = 0x2010853
[    0.374172] sps:BAM 0x00704000 is registered.
[    0.374472] sps:BAM 0x00704000 (va:0xd0bc0000) enabled: ver:0x27, number of pipes:8
[    0.374957] QCE50: qce_sps_init:  Qualcomm MSM CE-BAM at 0x0000000000704000 irq 48
[    0.377720] QCE50: __qce_get_device_tree_data: BAM Apps EE is not defined, setting to default 1
[    0.378223] qcrypto 720000.qcrypto: Qualcomm Crypto 5.3.3 device found @0x720000
[    0.378241] qcrypto 720000.qcrypto: CE device = 0x0
[    0.378241] , IO base, CE = 0xd0e40000
[    0.378241] , Consumer (IN) PIPE 4,    Producer (OUT) PIPE 5
[    0.378241] IO base BAM = 0x  (null)
[    0.378241] BAM IRQ 48
[    0.378241] Engines Availability = 0x2010853
[    0.378877] QCE50: qce_sps_init:  Qualcomm MSM CE-BAM at 0x0000000000704000 irq 48
[    0.381206] qcrypto 720000.qcrypto: qcrypto-ecb-aes
[    0.381402] qcrypto 720000.qcrypto: qcrypto-cbc-aes
[    0.381551] qcrypto 720000.qcrypto: qcrypto-ctr-aes
[    0.381694] qcrypto 720000.qcrypto: qcrypto-ecb-des
[    0.381837] qcrypto 720000.qcrypto: qcrypto-cbc-des
[    0.381981] qcrypto 720000.qcrypto: qcrypto-ecb-3des
[    0.382127] qcrypto 720000.qcrypto: qcrypto-cbc-3des
[    0.382268] qcrypto 720000.qcrypto: qcrypto-xts-aes
[    0.382412] qcrypto 720000.qcrypto: qcrypto-sha1
[    0.382557] qcrypto 720000.qcrypto: qcrypto-sha256
[    0.382702] qcrypto 720000.qcrypto: qcrypto-aead-hmac-sha1-cbc-aes
[    0.382850] qcrypto 720000.qcrypto: qcrypto-aead-hmac-sha1-cbc-des
[    0.383003] qcrypto 720000.qcrypto: qcrypto-aead-hmac-sha1-cbc-3des
[    0.383146] qcrypto 720000.qcrypto: qcrypto-aead-hmac-sha256-cbc-aes
[    0.383290] qcrypto 720000.qcrypto: qcrypto-aead-hmac-sha256-cbc-des
[    0.383434] qcrypto 720000.qcrypto: qcrypto-aead-hmac-sha256-cbc-3des
[    0.383577] qcrypto 720000.qcrypto: qcrypto-hmac-sha1
[    0.383722] qcrypto 720000.qcrypto: qcrypto-hmac-sha256
[    0.383867] qcrypto 720000.qcrypto: qcrypto-aes-ccm
[    0.384013] qcrypto 720000.qcrypto: qcrypto-rfc4309-aes-ccm
[    0.384362] SCSI Media Changer driver v0.25 
[    0.388014] sps: BAM device 0x07984000 is not registered yet.
[    0.388272] sps:BAM 0x07984000 is registered.
[    0.388294] msm_nand_bam_init: msm_nand_bam_init: BAM device registered: bam_handle 0xce468c00
[    0.388544] sps:BAM 0x07984000 (va:0xd0b20000) enabled: ver:0x18, number of pipes:7
[    0.390520] msm_nand_parse_smem_ptable: Parsing partition table info from SMEM
[    0.390573] msm_nand_parse_smem_ptable: SMEM partition table found: ver: 4 len: 23
[    0.390599] msm_nand_version_check: nand_major:1, nand_minor:5, qpic_major:1, qpic_minor:5
[    0.390933] msm_nand_flash_onfi_probe: CRC Check failed on param page
[    0.390969] msm_nand_scan: NAND Id: 0x1590acad Buswidth: 8Bits Density: 512 MByte
[    0.390979] msm_nand_scan: pagesize: 2048 Erasesize: 131072 oobsize: 128 (in Bytes)
[    0.390986] msm_nand_scan: BCH ECC: 4 Bit
[    0.391000] msm_nand_scan: CFG0: 0x2a0408c0,           CFG1: 0x0804745c
[    0.391000]             RAWCFG0: 0x2c8400c0,        RAWCFG1: 0x0005055d
[    0.391000]           ECCBUFCFG: 0x00000203,      ECCBCHCFG: 0x42040700
[    0.391000]           RAWECCCFG: 0x42000701, BAD BLOCK BYTE: 0x000001d1
[    0.391029] Creating 23 MTD partitions on "7980000.nand":
[    0.391042] 0x000000000000-0x000000140000 : "sbl"
[    0.391674] 0x000000140000-0x000000280000 : "mibib"
[    0.392211] 0x000000280000-0x000001880000 : "efs2"
[    0.392739] 0x000001880000-0x000001d80000 : "sys_rev"
[    0.393273] 0x000001d80000-0x000002080000 : "rawdata"
[    0.393821] 0x000002080000-0x0000021c0000 : "tz"
[    0.394312] 0x0000021c0000-0x000002300000 : "rpm"
[    0.394801] 0x000002300000-0x000002440000 : "aboot"
[    0.395300] 0x000002440000-0x000002d40000 : "boot"
[    0.395810] 0x000002d40000-0x000003640000 : "recovery"
[    0.396321] 0x000003640000-0x000003c80000 : "image_back"
[    0.396852] 0x000003c80000-0x000004a80000 : "recoveryfs_b"
[    0.397378] 0x000004a80000-0x000005ac0000 : "scrub"
[    0.397938] 0x000005ac0000-0x0000096c0000 : "modem"
[    0.398471] 0x0000096c0000-0x000009800000 : "misc"
[    0.398949] 0x000009800000-0x00000b600000 : "recoveryfs"
[    0.399439] 0x00000b600000-0x00000ee00000 : "qdsp6sw_b"
[    0.399946] 0x00000ee00000-0x000010c80000 : "usr_data"
[    0.400607] 0x000010c80000-0x000013f00000 : "wm_binlib"
[    0.401134] 0x000013f00000-0x000015380000 : "wm_config"
[    0.401677] 0x000015380000-0x000016800000 : "wm_security"
[    0.402220] 0x000016800000-0x00001a200000 : "sys_back"
[    0.402755] 0x00001a200000-0x000020000000 : "system"
[    0.403257] msm_nand_probe: NANDc phys addr 0x7980000, BAM phys addr 0x7984000, BAM IRQ 32
[    0.403269] msm_nand_probe: Allocated DMA buffer at virt_addr 0xcf848000, phys_addr 0x8f848000
[    0.404493] of_get_named_gpiod_flags: can't parse 'qcom,gpio-clk' property of node '/soc/spi@78ba000[0]'
[    0.404510] of_get_named_gpiod_flags: can't parse 'qcom,gpio-miso' property of node '/soc/spi@78ba000[0]'
[    0.404520] of_get_named_gpiod_flags: can't parse 'qcom,gpio-mosi' property of node '/soc/spi@78ba000[0]'
[    0.404530] of_get_named_gpiod_flags: can't parse 'qcom,gpio-cs0' property of node '/soc/spi@78ba000[0]'
[    0.404539] of_get_named_gpiod_flags: can't parse 'qcom,gpio-cs1' property of node '/soc/spi@78ba000[0]'
[    0.404549] of_get_named_gpiod_flags: can't parse 'qcom,gpio-cs2' property of node '/soc/spi@78ba000[0]'
[    0.404558] of_get_named_gpiod_flags: can't parse 'qcom,gpio-cs3' property of node '/soc/spi@78ba000[0]'
[    0.405113] tun: Universal TUN/TAP device driver, 1.6
[    0.405125] tun: (C) 1999-2004 Max Krasnyansky <maxk@qualcomm.com>
[    0.405217] vcan: Virtual CAN interface driver
[    0.405231] CAN device driver interface
[    0.406478] PPP generic driver version 2.4.2
[    0.407541] of_get_named_gpiod_flags: can't parse 'qcom,cap-tsf-gpio' property of node '/soc/qcom,cnss-sdio[0]'
[    0.407560] cnss_sdio 87a00000.qcom,cnss-sdio: cnss_sdio_tsf_init: fail to get irq: -22
[    0.407634] cnss_sdio:cnss_configure_ramdump:558:: ramdump addr: d2c00000, phys: 0x87a00000 subsys:'AR6320'
[    0.407650] cnss_sdio 87a00000.qcom,cnss-sdio: for AR6320 segments only will be dumped.
[    0.407780] subsys-restart: subsys_register(): @Ramos  desc->name =[AR6320]  , subsys->desc name=[AR6320]  fw_name=[AR6320]
[    0.407967] subsys-restart: subsys_set_state(): [cf1e8000]: subsys_set_state 2
[    0.408024] cnss_sdio 87a00000.qcom,cnss-sdio: CNSS SDIO Driver registered
[    0.408424] usbcore: registered new interface driver asix
[    0.408504] usbcore: registered new interface driver ax88179_178a
[    0.408554] usbcore: registered new interface driver cdc_ether
[    0.408602] usbcore: registered new interface driver net1080
[    0.408651] usbcore: registered new interface driver cdc_subset
[    0.408695] usbcore: registered new interface driver zaurus
[    0.408978] usbcore: registered new interface driver cdc_ncm
[    0.409209] msm_otg 78d9000.usb: msm_otg probe
[    0.409469] of_get_named_gpiod_flags: can't parse 'qcom,hub-reset-gpio' property of node '/soc/usb@78d9000[0]'
[    0.409481] of_get_named_gpiod_flags: can't parse 'qcom,usbeth-reset-gpio' property of node '/soc/usb@78d9000[0]'
[    0.409492] of_get_named_gpiod_flags: can't parse 'qcom,sw-sel-gpio' property of node '/soc/usb@78d9000[0]'
[    0.409538] of_get_named_gpiod_flags: parsed 'qcom,usbid-gpio' property of node '/soc/usb@78d9000[0]' - status (0)
[    0.409557] of_get_named_gpiod_flags: can't parse 'qcom,hsusb-otg-vddmin-gpio' property of node '/soc/usb@78d9000[0]'
[    0.411319] msm_otg 78d9000.usb: OTG regs = d08f6000
[    0.413384] ehci_hcd: USB 2.0 'Enhanced' Host Controller (EHCI) Driver
[    0.413706] ehci-msm: Qualcomm On-Chip EHCI Host Controller
[    0.414035] usbcore: registered new interface driver cdc_acm
[    0.414046] cdc_acm: USB Abstract Control Model driver for USB modems and ISDN adapters
[    0.414117] usbcore: registered new interface driver usb-storage
[    0.414162] usbcore: registered new interface driver ums-alauda
[    0.414204] usbcore: registered new interface driver ums-cypress
[    0.414246] usbcore: registered new interface driver ums-datafab
[    0.414287] usbcore: registered new interface driver ums-freecom
[    0.414336] usbcore: registered new interface driver ums-isd200
[    0.414378] usbcore: registered new interface driver ums-jumpshot
[    0.414419] usbcore: registered new interface driver ums-karma
[    0.414461] usbcore: registered new interface driver ums-onetouch
[    0.414502] usbcore: registered new interface driver ums-sddr09
[    0.414541] usbcore: registered new interface driver ums-sddr55
[    0.414581] usbcore: registered new interface driver ums-usbat
[    0.414630] usbcore: registered new interface driver usb_ehset_test
[    0.415546] gbridge_init: gbridge_init successs.
[    0.417007] qcom,qpnp-rtc qpnp-rtc-5: rtc core: registered qpnp_rtc as rtc0
[    0.417180] i2c /dev entries driver
[    0.418060] unable to find DT imem DLOAD mode node
[    0.418406] unable to find DT imem EDLOAD mode node
[    0.418718] unable to find DT imem dload-type node
[    0.419976] [NDH] msm_otg_sm_work: otg_state : undefined => 
[    0.421682] msm_otg 78d9000.usb: phy_reset: success
[    0.442003] Bluetooth: cf1e7ed0
[    0.442017] Bluetooth: cf1e7ec8Bluetooth: cf1e7ec8
[    0.442159] of_get_named_gpiod_flags: parsed 'qca,bt-reset-gpio' property of node '/bt_qca6174[0]' - status (0)
[    0.442173] bt_dt_parse_vreg_info: qca,bt-vdd-core: is not provided in device tree
[    0.442235] bt_power bt_qca6174: no qca,bt-vdd-pa-voltage-level property
[    0.442246] bt_dt_parse_vreg_info: qca,bt-vdd-ldo: is not provided in device tree
[    0.442254] bt_dt_parse_vreg_info: qca,bt-chip-pwd: is not provided in device tree
[    0.443116] sdhci: Secure Digital Host Controller Interface driver
[    0.443127] sdhci: Copyright(c) Pierre Ossman
[    0.443138] sdhci-pltfm: SDHCI platform and OF driver helper
[    0.443735] usbcore: registered new interface driver usbhid
[    0.443747] usbhid: USB HID core driver
[    0.443911] logger: created 256K log 'logger/main'
[    0.444038] logger: created 256K log 'logger/events'
[    0.444108] logger: created 1K log 'logger/radio'
[    0.444225] logger: created 256K log 'logger/system'
[    0.450713] sdhci_msm 7824900.sdhci: sdhci_msm_probe: ICE device is not enabled
[    0.450742] of_get_named_gpiod_flags: can't parse 'cd-gpios' property of node '/soc/sdhci@7824900[0]'
[    0.450762] sdhci_msm 7824900.sdhci: No vreg data found for vdd
[    0.450979] sdhci_msm 7824900.sdhci: sdhci_msm_pm_qos_parse_irq: error -22 reading irq cpu
[    0.450991] sdhci_msm 7824900.sdhci: sdhci_msm_pm_qos_parse: PM QoS voting for IRQ will be disabled
[    0.451003] sdhci_msm 7824900.sdhci: sdhci_msm_pm_qos_parse: PM QoS voting for cpu group will be disabled
[    0.460681] sdhci_msm 7824900.sdhci: sdhci_msm_probe: sdiowakeup_irq = 113
[    0.460977] sdhci_msm 7824900.sdhci: No vmmc regulator found
[    0.460990] sdhci_msm 7824900.sdhci: No vqmmc regulator found
[    0.461425] mmc0: SDHCI controller on 7824900.sdhci [7824900.sdhci] using 32-bit ADMA in legacy mode
[    0.490015] sdhci_msm 7864900.sdhci: sdhci_msm_probe: ICE device is not enabled
[    0.490037] of_get_named_gpiod_flags: can't parse 'cd-gpios' property of node '/soc/sdhci@07864900[0]'
[    0.490123] sdhci_msm 7864900.sdhci: No vreg data found for vdd
[    0.490447] sdhci_msm 7864900.sdhci: sdhci_msm_pm_qos_parse_irq: error -22 reading irq cpu
[    0.490459] sdhci_msm 7864900.sdhci: sdhci_msm_pm_qos_parse: PM QoS voting for IRQ will be disabled
[    0.490472] sdhci_msm 7864900.sdhci: sdhci_msm_pm_qos_parse: PM QoS voting for cpu group will be disabled
[    0.500476] sdhci_msm 7864900.sdhci: No vmmc regulator found
[    0.500493] sdhci_msm 7864900.sdhci: No vqmmc regulator found
[    0.500914] mmc1: SDHCI controller on 7864900.sdhci [7864900.sdhci] using 32-bit ADMA in legacy mode
[    0.530549] msm_otg 78d9000.usb: msm_otg_reset motg->inputs=1, motg->id_state=1
[    0.649211] of_get_named_gpiod_flags: can't parse 'qcom,gpio-mode-sel' property of node '/soc/usb_detect[0]'
[    0.650474] bimc-bwmon 408000.qcom,cpu-bwmon: BW HWmon governor registered.
[    0.651115] devfreq soc:qcom,cpubw: Couldn't update frequency transition information.
[    0.651369] i2c-core: driver [bmi160] using legacy suspend method
[    0.651379] i2c-core: driver [bmi160] using legacy resume method
[    0.651555] coresight-fuse a601c.fuse: QPDI fuse not specified
[    0.651633] coresight-fuse a601c.fuse: Fuse initialized
[    0.653993] coresight-csr 6001000.csr: CSR initialized
[    0.654477] coresight-tmc 6026000.tmc: Byte Counter feature enabled
[    0.654733] sps:BAM 0x06084000 is registered.
[    0.654984] coresight-tmc 6026000.tmc: TMC initialized
[    0.655268] coresight-tmc 6025000.tmc: TMC initialized
[    0.657052] nidnt boot config: 0
[    0.658148] coresight-tpiu 6020000.tpiu: NIDnT on SDCARD only mode
[    0.658267] coresight-tpiu 6020000.tpiu: TPIU initialized
[    0.659339] coresight-replicator 6024000.replicator: REPLICATOR initialized
[    0.659839] coresight-stm 6002000.stm: STM initialized
[    0.660276] [NDH] msm_otg_sm_work: otg_state : b_idle => 
[    0.661024] coresight-hwevent 606c000.hwevent: Hardware Event driver initialized
[    0.661649] class_register ql_security_class ok!
[    0.661896] @Ramos Qstart_init entry !!!
[    0.663495] i2c-msm-v2 78b8000.i2c: msm_bus_scale_register_client(mstr-id:86):0xb (ok)
[    0.663640] i2c-msm-v2 78b8000.i2c: NACK: slave not responding, ensure its powered: msgs(n:1 cur:0 tx) bc(rx:0 tx:2) mode:FIFO slv_addr:0x1a MSTR_STS:0x0d1300c8 OPER:0x00000090
[    0.663777] i2c-msm-v2 78b8000.i2c: NACK: slave not responding, ensure its powered: msgs(n:2 cur:0 tx) bc(rx:2 tx:1) mode:FIFO slv_addr:0x1a MSTR_STS:0x0d1300c8 OPER:0x00000010
[    0.663834] nau8810 4-001a: Failed to read device ID
[    0.663900] nau8810: probe of 4-001a failed with error -22
[    0.664176] i2c-msm-v2 78b8000.i2c: NACK: slave not responding, ensure its powered: msgs(n:2 cur:0 tx) bc(rx:2 tx:1) mode:FIFO slv_addr:0x1b MSTR_STS:0x0d1300c8 OPER:0x00000010
[    0.664223] rt5616 4-001b: Device with ID register 0xc08179dc is not rt5616
[    0.664587] of_get_named_gpiod_flags: parsed 'poweren-gpio' property of node '/soc/i2c@78b8000/tlv320aic3x_codec@18[0]' - status (0)
[    0.664610] aic3x->gpio_poweren = 41
[    0.664634] of_get_named_gpiod_flags: parsed 'powerup-gpio' property of node '/soc/i2c@78b8000/tlv320aic3x_codec@18[0]' - status (0)
[    0.665654] aic3x->gpio_powerup = 38
[    0.716382] of_get_named_gpiod_flags: can't parse 'reset-gpios' property of node '/soc/i2c@78b8000/tlv320aic3x_codec@18[0]'
[    0.716397] of_get_named_gpiod_flags: can't parse 'gpio-reset' property of node '/soc/i2c@78b8000/tlv320aic3x_codec@18[0]'
[    0.716409] quec_set_codec_info: codec name = tlv320aic3x-codec.4-0018
[    0.716417] quec_set_codec_info: dai name = tlv320aic3x-hifi
[    0.716781] max9867_tlv 4-0019: Failed to read ID: 0
[    0.716839] max9867_tlv: probe of 4-0019 failed with error -22
[    0.716886] enter quec_stub_modinit
[    0.716939] quec_stub_i2c_probe: ret = 0
[    0.725558] msm_pcm_probe: dev name soc:qcom,msm-voice-host-pcm
[    0.729805] mdm9607-asoc-snd soc:sound: [Eddy] Defering mdm_asoc_machine_probe, q6_state 0
[    0.730238] Netfilter messages via NETLINK v0.30.
[    0.730305] nf_conntrack version 0.5.0 (2415 buckets, 9660 max)
[    0.730658] ctnetlink v0.93: registering with nfnetlink.
[    0.730942] ip_set: protocol 6
[    0.731080] gre: GRE over IPv4 demultiplexor driver
[    0.731093] ip_gre: GRE over IPv4 tunneling driver
[    0.732052] ip_tables: (C) 2000-2006 Netfilter Core Team
[    0.732188] arp_tables: (C) 2002 David S. Miller
[    0.732220] TCP: cubic registered
[    0.732232] Initializing XFRM netlink socket
[    0.732603] NET: Registered protocol family 10
[    0.733657] mip6: Mobile IPv6
[    0.733698] ip6_tables: (C) 2000-2006 Netfilter Core Team
[    0.733897] sit: IPv6 over IPv4 tunneling driver
[    0.734891] ip6_gre: GRE over IPv6 tunneling driver
[    0.735378] NET: Registered protocol family 17
[    0.735510] bridge: automatic filtering via arp/ip/ip6tables has been deprecated. Update your scripts to load br_netfilter if you need this.
[    0.735541] Bridge firewalling registered
[    0.735555] Ebtables v2.0 registered
[    0.735665] can: controller area network core (rev 20120528 abi 9)
[    0.735734] NET: Registered protocol family 29
[    0.735752] can: raw protocol (rev 20120528)
[    0.735767] can: broadcast manager protocol (rev 20120528 t)
[    0.735786] can: netlink gateway (rev 20130117) max_hops=1
[    0.736641] NET: Registered protocol family 27
[    0.738659] gpiochip_find_base: found new base at 852
[    0.738780] gpiochip_add: registered GPIOs 852 to 883 on device: slave-kernel
[    0.738993] gpiochip_find_base: found new base at 820
[    0.739081] gpiochip_add: registered GPIOs 820 to 851 on device: master-kernel
[    0.739506] pil-q6v5-mss 4080000.qcom,mss: Failed to find the pas_id.
[    0.739536] of_get_named_gpiod_flags: parsed 'qcom,gpio-proxy-unvote' property of node '/soc/qcom,mss@4080000[0]' - status (0)
[    0.739847] subsys-restart: subsys_register(): @Ramos  desc->name =[modem]  , subsys->desc name=[modem]  fw_name=[modem]
[    0.739860] subsys-restart: subsys_register(): @Ramosr  set modem restart level 1
[    0.740178] of_get_named_gpiod_flags: parsed 'qcom,gpio-err-fatal' property of node '/soc/qcom,mss@4080000[0]' - status (0)
[    0.740195] of_get_named_gpiod_flags: parsed 'qcom,gpio-err-ready' property of node '/soc/qcom,mss@4080000[0]' - status (0)
[    0.740209] of_get_named_gpiod_flags: parsed 'qcom,gpio-stop-ack' property of node '/soc/qcom,mss@4080000[0]' - status (0)
[    0.740223] of_get_named_gpiod_flags: parsed 'qcom,gpio-force-stop' property of node '/soc/qcom,mss@4080000[0]' - status (0)
[    0.740237] of_get_named_gpiod_flags: parsed 'qcom,gpio-shutdown-ack' property of node '/soc/qcom,mss@4080000[0]' - status (0)
[    0.740363] pil-q6v5-mss 4080000.qcom,mss: for modem segments only will be dumped.
[    0.740556] of_get_named_gpiod_flags: can't parse 'qcom,chg-valid-gpio' property of node '/soc/i2c@78b8000/smb358-charger@57[0]'
[    0.741994] i2c-msm-v2 78b8000.i2c: NACK: slave not responding, ensure its powered: msgs(n:2 cur:0 tx) bc(rx:1 tx:1) mode:FIFO slv_addr:0x57 MSTR_STS:0x0d1300c8 OPER:0x00000010
[    0.742058] smb358-charger 4-0057: i2c read fail: can't read from 01: -107
[    0.742068] SMB358 smb358_charger_probe: Failed to detect SMB358, device absent, rc = -107
[    0.742090] smb358-charger: probe of 4-0057 failed with error -107
[    0.743265] mdm9607-asoc-snd soc:sound: [Eddy] Defering mdm_asoc_machine_probe, q6_state 0
[    0.744856] of_get_named_gpiod_flags: parsed 'gpios' property of node '/soc/qcom,smp2pgpio_test_smp2p_15_in[0]' - status (0)
[    0.744915] of_get_named_gpiod_flags: parsed 'gpios' property of node '/soc/qcom,smp2pgpio_test_smp2p_15_out[0]' - status (0)
[    0.744964] of_get_named_gpiod_flags: parsed 'gpios' property of node '/soc/qcom,smp2pgpio_test_smp2p_1_in[0]' - status (0)
[    0.745011] of_get_named_gpiod_flags: parsed 'gpios' property of node '/soc/qcom,smp2pgpio_test_smp2p_1_out[0]' - status (0)
[    0.760980] mdm9607-asoc-snd soc:sound: [Eddy] Defering mdm_asoc_machine_probe, q6_state 0
[    0.761218] ubi0: attaching mtd22
[    1.221490] ubi0: scanning is finished
[    1.227588] ubi0: attached mtd22 (name "system", size 94 MiB)
[    1.227605] ubi0: PEB size: 131072 bytes (128 KiB), LEB size: 126976 bytes
[    1.227614] ubi0: min./max. I/O unit sizes: 2048/2048, sub-page size 2048
[    1.227623] ubi0: VID header offset: 2048 (aligned 2048), data offset: 4096
[    1.227631] ubi0: good PEBs: 752, bad PEBs: 0, corrupted PEBs: 0
[    1.227640] ubi0: user volume: 1, internal volumes: 1, max. volumes count: 128
[    1.227649] ubi0: max/mean erase counter: 2/0, WL threshold: 4096, image sequence number: 1395299443
[    1.227658] ubi0: available PEBs: 0, total reserved PEBs: 752, PEBs reserved for bad PEB handling: 80
[    1.227682] ubi1: attaching mtd13
[    1.240100] ubi0: background thread "ubi_bgt0d" started, PID 157
[    1.476678] ubi1: scanning is finished
[    1.482539] ubi1: attached mtd13 (name "modem", size 60 MiB)
[    1.482552] ubi1: PEB size: 131072 bytes (128 KiB), LEB size: 126976 bytes
[    1.482560] ubi1: min./max. I/O unit sizes: 2048/2048, sub-page size 2048
[    1.482569] ubi1: VID header offset: 2048 (aligned 2048), data offset: 4096
[    1.482577] ubi1: good PEBs: 480, bad PEBs: 0, corrupted PEBs: 0
[    1.482585] ubi1: user volume: 1, internal volumes: 1, max. volumes count: 128
[    1.482594] ubi1: max/mean erase counter: 1/0, WL threshold: 4096, image sequence number: 78470083
[    1.482603] ubi1: available PEBs: 0, total reserved PEBs: 480, PEBs reserved for bad PEB handling: 80
[    1.482937] android_create_device: android_create_device(): creating android0 device
[    1.483090] android_probe: android_probe(): registering android_usb_driver with core id:0
[    1.483255] file system registered
[    1.483326] mbim_init: initialize 1 instances
[    1.483398] mbim_init: Initialized 1 ports
[    1.483469] bam_data_setup: requested 1 BAM2BAM ports
[    1.483479] bam_data_setup: n_bam2bam_data_ports:1
[    1.483618] ubi1: background thread "ubi_bgt1d" started, PID 158
[    1.485065] rndis_qc_init: initialize rndis QC instance
[    1.485134] bam_data_setup: requested 1 BAM2BAM ports
[    1.485143] bam_data_setup: n_bam2bam_data_ports:2
[    1.485150] bam_data_setup: bam_data is already setup.
[    1.485348] mass_storage_function_init: mass_storage_function_init(): Inside
[    1.485365] Number of LUNs=8
[    1.485377] Mass Storage Function, version: 2009/09/11
[    1.485388] LUN: removable file: (no medium)
[    1.485407] Number of LUNs=1
[    1.485467] LUN: removable file: (no medium)
[    1.485475] Number of LUNs=1
[    1.485735] android_usb gadget: android_usb ready
[    1.485751] msm_hsusb msm_hsusb: [ci13xxx_start] hw_ep_max = 32
[    1.485798] msm_hsusb msm_hsusb: CI13XXX_CONTROLLER_RESET_EVENT received
[    1.485811] msm_hsusb msm_hsusb: CI13XXX_CONTROLLER_UDC_STARTED_EVENT received
[    1.486156] mdm9607-asoc-snd soc:sound: [Eddy] Defering mdm_asoc_machine_probe, q6_state 0
[    1.486565] qcom,qpnp-rtc qpnp-rtc-5: setting system clock to 1970-01-01 00:00:04 UTC (4)
[    1.487332] parse_legacy_cluster_params(): Ignoring cluster params
[    1.487363] /soc/qcom,lpm-levels/qcom,pm-cluster@0: No CPU phandle, assuming single cluster
[    1.487391] calculate_residency: residency < 0 for LPM
[    1.487399] parse_cpu_levels: idx 1 420
[    1.487406] calculate_residency: residency < 0 for LPM
[    1.487414] parse_cpu_levels: idx 2 500
[    1.487421] parse_cpu_levels: idx 2 3040
[    1.488108] mdm9607-asoc-snd soc:sound: [Eddy] Defering mdm_asoc_machine_probe, q6_state 0
[    1.490715] qcom,cc-debug-mdm9607 1800000.qcom,debug: Registered Debug Mux successfully
[    1.491040] mdm9607-asoc-snd soc:sound: [Eddy] Defering mdm_asoc_machine_probe, q6_state 0
[    1.491432] mem_acc_corner: disabling
[    1.491469] sdcard_ext_vreg: disabling
[    1.491477] rome_vreg: disabling
[    1.491485] emac_lan_vreg: disabling
[    1.491500] clock_late_init: Removing enables held for handed-off clocks
[    1.493180] ALSA device list:
[    1.493192]   No soundcards found.
[    1.558821] UBIFS (ubi0:0): UBIFS: mounted UBI device 0, volume 0, name "rootfs", R/O mode
[    1.558839] UBIFS (ubi0:0): LEB size: 126976 bytes (124 KiB), min./max. I/O unit sizes: 2048 bytes/2048 bytes
[    1.558851] UBIFS (ubi0:0): FS size: 83423232 bytes (79 MiB, 657 LEBs), journal size 9023488 bytes (8 MiB, 72 LEBs)
[    1.558860] UBIFS (ubi0:0): reserved for root: 0 bytes (0 KiB)
[    1.558873] UBIFS (ubi0:0): media format: w4/r0 (latest is w4/r0), UUID 60F34CA3-796A-468D-B1FF-D09084388483, small LPT model
[    1.560593] VFS: Mounted root (ubifs filesystem) readonly on device 0:12.
[    1.561035] Freeing unused kernel memory: 312K (c0b0a000 - c0b58000)
[    1.561044] This architecture does not have kernel memory protection.
[    1.561056] @Ramos Kernel command line: noinitrd ro console=ttyHSL0,115200,n8 androidboot.hardware=qcom ehci-hcd.park=3 msm_rtb.filter=0x37 lpm_levels.sleep_disabled=1 earlycon=msm_hsl_uart,0x78b0000 androidboot.serialno=31ff9bcf androidboot.authorized_kernel=true androidboot.baseband=msm rootfstype=ubifs rootflags=bulk_read root=ubi0:rootfs ubi.mtd=22 ubi.mtd=13
[    1.619346] UBIFS (ubi1:0): UBIFS: mounted UBI device 1, volume 0, name "modem", R/O mode
[    1.619363] UBIFS (ubi1:0): LEB size: 126976 bytes (124 KiB), min./max. I/O unit sizes: 2048 bytes/2048 bytes
[    1.619375] UBIFS (ubi1:0): FS size: 48885760 bytes (46 MiB, 385 LEBs), journal size 9023488 bytes (8 MiB, 72 LEBs)
[    1.619384] UBIFS (ubi1:0): reserved for root: 0 bytes (0 KiB)
[    1.619397] UBIFS (ubi1:0): media format: w4/r0 (latest is w4/r0), UUID 41794273-0831-4A25-AF5D-16420F3A9920, small LPT model
[    1.621030] quectel_mount_success 
[    1.621049] subsys-restart: __subsystem_get(): Changing subsys fw_name to modem
[    1.631050] pil-q6v5-mss 4080000.qcom,mss: modem: loading from 0x82700000 to 0x87a00000
[    1.656891] pil-q6v5-mss 4080000.qcom,mss: Debug policy not present - msadp. Continue.
[    1.657291] pil-q6v5-mss 4080000.qcom,mss: Loading MBA and DP (if present) from 0x8fa00000 to 0x8fb00000 size 100000
[    1.705402] pil-q6v5-mss 4080000.qcom,mss: MBA boot done
[    2.609038] mmc1: Out-of-interrupt timeout is 40[ms]
[    2.609053] mmc1: BKOPS_EN equals 0x0
[    2.609062] mmc1: eMMC FW version: 0x04
[    2.609071] mmc1: cache barrier support 1 flush policy 1
[    2.617444] mmc1: new HS200 MMC card at address 0001
[    2.630176] mmcblk0: mmc1:0001 PHIODM 3.64 GiB 
[    2.630380] mmcblk0rpmb: mmc1:0001 PHIODM partition 3 512 KiB
[    2.632512]  mmcblk0: p1 p2 p3 p4 < p5 p6 >
[    2.633983] mdm9607-asoc-snd soc:sound: [Eddy] Defering mdm_asoc_machine_probe, q6_state 0
[    6.226119] pil-q6v5-mss 4080000.qcom,mss: modem: Brought out of reset
[    6.312471] mdm9607-asoc-snd soc:sound: [Eddy] Defering mdm_asoc_machine_probe, q6_state 0
[    6.312976] pil-q6v5-mss 4080000.qcom,mss: Subsystem error monitoring/handling services are up
[    6.313037] pil-q6v5-mss 4080000.qcom,mss: modem: Power/Clock ready interrupt received
[    6.313410] M-Notify: General: 7
[    6.313447] subsys-restart: subsys_set_state(): [cf1e8000]: subsys_set_state 2
[    6.313490] @Ramos kernel_init try_to_run_init_process entry !!!!
[    6.313490] 
[    6.325567] @Ramos kernel_init try_to_run_init_process EXIT 11111
[    6.325567] 
[    6.440750] diag: In diag_send_feature_mask_update, control channel is not open, p: 0, c0ca8ff8
[    6.446372] apr_tal:Modem Is Up
[    6.449513] msm-pcm-routing soc:qcom,msm-pcm-routing: ASoC: no dapm match for MM_DL5 --> MultiMedia5 --> TERT_MI2S_RX Audio Mixer
[    6.449532] msm-pcm-routing soc:qcom,msm-pcm-routing: ASoC: Failed to add route MM_DL5 -> MultiMedia5 -> TERT_MI2S_RX Audio Mixer
[    6.449588] msm-pcm-routing soc:qcom,msm-pcm-routing: ASoC: no dapm match for MM_DL8 --> MultiMedia8 --> TERT_MI2S_RX Audio Mixer
[    6.449600] msm-pcm-routing soc:qcom,msm-pcm-routing: ASoC: Failed to add route MM_DL8 -> MultiMedia8 -> TERT_MI2S_RX Audio Mixer
[    6.450678] msm-pcm-routing soc:qcom,msm-pcm-routing: ASoC: no dapm match for INT_FM_TX --> INTERNAL_FM_TX --> SEC_MI2S_RX Port Mixer
[    6.450696] msm-pcm-routing soc:qcom,msm-pcm-routing: ASoC: Failed to add route INT_FM_TX -> INTERNAL_FM_TX -> SEC_MI2S_RX Port Mixer
[    6.462556] msm-pcm-routing soc:qcom,msm-pcm-routing: ASoC: no dapm match for VOICEMMODE1_DL --> VoiceMMode1 --> SEC_MI2S_RX_Voice Mixer
[    6.462577] msm-pcm-routing soc:qcom,msm-pcm-routing: ASoC: Failed to add route VOICEMMODE1_DL -> VoiceMMode1 -> SEC_MI2S_RX_Voice Mixer
[    6.462611] msm-pcm-routing soc:qcom,msm-pcm-routing: ASoC: no dapm match for VOICEMMODE2_DL --> VoiceMMode2 --> SEC_MI2S_RX_Voice Mixer
[    6.462624] msm-pcm-routing soc:qcom,msm-pcm-routing: ASoC: Failed to add route VOICEMMODE2_DL -> VoiceMMode2 -> SEC_MI2S_RX_Voice Mixer
[    6.465801] msm-pcm-routing soc:qcom,msm-pcm-routing: ASoC: no source widget found for AUDIO_REF_EC_UL3 MUX
[    6.465818] msm-pcm-routing soc:qcom,msm-pcm-routing: ASoC: Failed to add route AUDIO_REF_EC_UL3 MUX -> direct -> MM_UL3
[    6.473078] msm-pcm-routing soc:qcom,msm-pcm-routing: ASoC: no dapm match for SEC_MI2S_TX --> SEC_MI2S_TX --> SLIMBUS_0_RX Port Mixer
[    6.473097] msm-pcm-routing soc:qcom,msm-pcm-routing: ASoC: Failed to add route SEC_MI2S_TX -> SEC_MI2S_TX -> SLIMBUS_0_RX Port Mixer
[    6.473848] msm-pcm-routing soc:qcom,msm-pcm-routing: ASoC: no dapm match for VOICE2_STUB_DL --> Voice2 Stub --> INTERNAL_BT_SCO_RX_Voice Mixer
[    6.473861] msm-pcm-routing soc:qcom,msm-pcm-routing: ASoC: Failed to add route VOICE2_STUB_DL -> Voice2 Stub -> INTERNAL_BT_SCO_RX_Voice Mixer
[    6.475359] msm-pcm-routing soc:qcom,msm-pcm-routing: ASoC: no sink widget found for SENARY_MI2S_TX
[    6.475372] msm-pcm-routing soc:qcom,msm-pcm-routing: ASoC: Failed to add route BE_IN -> direct -> SENARY_MI2S_TX
[    6.715093] msm-pcm-routing soc:qcom,msm-pcm-routing: ASoC: Failed to create SEC_MI2S_RX Port Mixer debugfs file
[    6.779807] msm-pcm-routing soc:qcom,msm-pcm-routing: ASoC: mux SLIM_0_RX AANC MUX has no paths
[    6.806129] tlv320aic3x-codec 4-0018: ASoC: no sink widget found for Left Line Out
[    6.806152] tlv320aic3x-codec 4-0018: ASoC: Failed to add route Left Line Mixer -> direct -> Left Line Out
[    6.806205] tlv320aic3x-codec 4-0018: ASoC: no sink widget found for Left Line Out
[    6.806215] tlv320aic3x-codec 4-0018: ASoC: Failed to add route Left DAC Mux -> direct -> Left Line Out
[    6.806257] tlv320aic3x-codec 4-0018: ASoC: no source widget found for Left Line Out
[    6.806268] tlv320aic3x-codec 4-0018: ASoC: Failed to add route Left Line Out -> direct -> LLOUT
[    6.807462] msm-dai-stub-dev soc:qcom,msm-dai-stub:qcom,msm-dai-stub-dtmf-tx: ASoC: no sink widget found for STUB_DTMF_TX
[    6.807480] msm-dai-stub-dev soc:qcom,msm-dai-stub:qcom,msm-dai-stub-dtmf-tx: ASoC: Failed to add route DTMF TX -> direct -> STUB_DTMF_TX
[    6.807536] msm-dai-stub-dev soc:qcom,msm-dai-stub:qcom,msm-dai-stub-host-rx-capture-tx: ASoC: no sink widget found for STUB_HOST_RX_CAPTURE_TX
[    6.807549] msm-dai-stub-dev soc:qcom,msm-dai-stub:qcom,msm-dai-stub-host-rx-capture-tx: ASoC: Failed to add route CS-VOICE HOST RX CAPTURE -> direct -> STUB_HOST_RX_CAPTURE_TX
[    6.807598] msm-dai-stub-dev soc:qcom,msm-dai-stub:qcom,msm-dai-stub-host-rx-playback-rx: ASoC: no source widget found for STUB_HOST_RX_PLAYBACK_RX
[    6.807612] msm-dai-stub-dev soc:qcom,msm-dai-stub:qcom,msm-dai-stub-host-rx-playback-rx: ASoC: Failed to add route STUB_HOST_RX_PLAYBACK_RX -> direct -> CS-VOICE HOST RX PLAYBACK
[    6.807661] msm-dai-stub-dev soc:qcom,msm-dai-stub:qcom,msm-dai-stub-host-tx-capture-tx: ASoC: no sink widget found for STUB_HOST_TX_CAPTURE_TX
[    6.807674] msm-dai-stub-dev soc:qcom,msm-dai-stub:qcom,msm-dai-stub-host-tx-capture-tx: ASoC: Failed to add route CS-VOICE HOST TX CAPTURE -> direct -> STUB_HOST_TX_CAPTURE_TX
[    6.807720] msm-dai-stub-dev soc:qcom,msm-dai-stub:qcom,msm-dai-stub-host-tx-playback-rx: ASoC: no source widget found for STUB_HOST_TX_PLAYBACK_RX
[    6.807733] msm-dai-stub-dev soc:qcom,msm-dai-stub:qcom,msm-dai-stub-host-tx-playback-rx: ASoC: Failed to add route STUB_HOST_TX_PLAYBACK_RX -> direct -> CS-VOICE HOST TX PLAYBACK
[    6.951017] random: dbus-daemon urandom read with 99 bits of entropy available
[    7.336762] UBIFS (ubi0:0): background thread "ubifs_bgt0_0" started, PID 196
[    7.637813] diag: In diagfwd_data_read_done, unable to write to mux error: -19
[    7.764627] EXT4-fs (mmcblk0p1): mounted filesystem with ordered data mode. Opts: (null)
[    7.785441] UBIFS (ubi0:0): background thread "ubifs_bgt0_0" stops
[    7.840340] UBIFS (ubi0:0): background thread "ubifs_bgt0_0" started, PID 225
[    8.229073] EXT4-fs (mmcblk0p2): mounted filesystem with ordered data mode. Opts: (null)
[    8.233683] UBIFS (ubi0:0): background thread "ubifs_bgt0_0" stops
[    8.271272] UBIFS (ubi0:0): background thread "ubifs_bgt0_0" started, PID 255
[    8.353498] EXT4-fs (mmcblk0p3): mounted filesystem with ordered data mode. Opts: (null)
[    8.358165] UBIFS (ubi0:0): background thread "ubifs_bgt0_0" stops
[    8.382286] UBIFS (ubi0:0): background thread "ubifs_bgt0_0" started, PID 270
[    8.413709] UBIFS (ubi0:0): background thread "ubifs_bgt0_0" stops
[    8.430538] UBIFS (ubi0:0): background thread "ubifs_bgt0_0" started, PID 280
[    8.540007] EXT4-fs (mmcblk0p5): mounted filesystem with ordered data mode. Opts: (null)
[    8.544663] UBIFS (ubi0:0): background thread "ubifs_bgt0_0" stops
[    8.561418] UBIFS (ubi0:0): background thread "ubifs_bgt0_0" started, PID 295
[    8.678505] EXT4-fs (mmcblk0p6): mounted filesystem with ordered data mode. Opts: (null)
[    8.683157] UBIFS (ubi0:0): background thread "ubifs_bgt0_0" stops
[    8.953530] MTD : Detected block device : usr_data mtd17 ubi2
[    8.962312] ubi2: attaching mtd17
[    9.096698] ubi2: scanning is finished
[    9.102724] ubi2: attached mtd17 (name "usr_data", size 30 MiB)
[    9.102738] ubi2: PEB size: 131072 bytes (128 KiB), LEB size: 126976 bytes
[    9.102747] ubi2: min./max. I/O unit sizes: 2048/2048, sub-page size 2048
[    9.102756] ubi2: VID header offset: 2048 (aligned 2048), data offset: 4096
[    9.102764] ubi2: good PEBs: 244, bad PEBs: 0, corrupted PEBs: 0
[    9.102772] ubi2: user volume: 1, internal volumes: 1, max. volumes count: 128
[    9.102782] ubi2: max/mean erase counter: 109/49, WL threshold: 4096, image sequence number: 199090573
[    9.102791] ubi2: available PEBs: 0, total reserved PEBs: 244, PEBs reserved for bad PEB handling: 80
[    9.110170] ubi2: background thread "ubi_bgt2d" started, PID 340
[    9.250204] UBIFS (ubi2:0): background thread "ubifs_bgt2_0" started, PID 346
[    9.284988] UBIFS (ubi2:0): recovery needed
[    9.402074] UBIFS (ubi2:0): recovery completed
[    9.402150] UBIFS (ubi2:0): UBIFS: mounted UBI device 2, volume 0, name "usrData"
[    9.402161] UBIFS (ubi2:0): LEB size: 126976 bytes (124 KiB), min./max. I/O unit sizes: 2048 bytes/2048 bytes
[    9.402173] UBIFS (ubi2:0): FS size: 19046400 bytes (18 MiB, 150 LEBs), journal size 5459968 bytes (5 MiB, 43 LEBs)
[    9.402182] UBIFS (ubi2:0): reserved for root: 0 bytes (0 KiB)
[    9.402194] UBIFS (ubi2:0): media format: w4/r0 (latest is w4/r0), UUID A4AF29EC-E87C-488E-B920-9D75403FAA79, small LPT model
[    9.919634] /dev/ubi2_0 mount to /usrdata success !!!!
[    9.919942] usr_data  OK!!!!!
[    9.999181] Switching to composition number 0x9025
[   10.015374] [Max][USB_NET_TYPE_CHECK] usb_net_type exists! data dir has been created!
[   10.053105] [Max][USB_DEF_ID_CHECK] USB ID in fs: pid is 0435 && vid is 2C7C
[   10.084787] UBIFS (ubi0:0): background thread "ubifs_bgt0_0" started, PID 388
[   10.125521] [Max][USB_FUNC_CHECK] QUEC_USB_NET_TYPE=ecm, USB_FUNC=diag,serial,ecm, USB_ENABLE=0
[   10.165712] enable_store: android_usb: already disabled
[   10.166436] android_enable_function: func:diag is enabled.
[   10.166450] android_enable_function: func:serial is enabled.
[   10.166460] android_enable_function: func:ecm is enabled.
[   10.166468] android_enable_function: func:ffs is enabled.
[   10.166536] remote_wakeup_store: android_usb: enabling remote wakeup
[   10.192471] usb net is NOT mbim! del mbim_ready_state
[   10.206791] Starting adbd:  
[   10.433715] usb_diag_update_pid_and_serial_num: usb_diag_update_pid_and_serial_num: dload:d0bf00c8 pid:435 serial_num:(null)
[   10.434952] ecm_function_bind_config: ecm_function_bind_config MAC: 
[   10.435035] gether_setup_name_default: using random self ethernet address
[   10.435069] gether_setup_name_default: using random host ethernet address
[   10.435732] ecm0: HOST MAC 76:b3:0a:3a:5d:b9
[   10.435875] ecm0: MAC 2e:49:9e:f1:6c:ac
[   10.435968] msm_hsusb msm_hsusb: CI13XXX_CONTROLLER_CONNECT_EVENT received
[   10.590071] msm_otg 78d9000.usb: Avail curr from USB = 100
[   10.590301] android_work: android_work: did not send uevent (0 0 00000000)
[   10.667761] android_pm_qos_update_latency: android_pm_qos_update_latency: latency updated to: 2
[   10.667829] android_work: android_work: sent uevent USB_STATE=CONNECTED
[   10.671658] android_pm_qos_update_latency: android_pm_qos_update_latency: latency updated to: -1
[   10.671695] android_work: android_work: sent uevent USB_STATE=DISCONNECTED
[   10.776564] android_pm_qos_update_latency: android_pm_qos_update_latency: latency updated to: 2
[   10.776626] android_work: android_work: sent uevent USB_STATE=CONNECTED
[   10.823813] android_usb gadget: high-speed config #1: 86000c8.android_usb
[   10.823854] diag: USB channel diag connected
[   10.823959] msm_otg 78d9000.usb: Avail curr from USB = 500
[   10.863607] random: nonblocking pool is initialized
[   10.880165] android_work: android_work: sent uevent USB_STATE=CONFIGURED
[   11.236570] ubi3: attaching mtd18
[   11.460361] ubi3: scanning is finished
[   11.466522] ubi3: attached mtd18 (name "wm_binlib", size 50 MiB)
[   11.466538] ubi3: PEB size: 131072 bytes (128 KiB), LEB size: 126976 bytes
[   11.466547] ubi3: min./max. I/O unit sizes: 2048/2048, sub-page size 2048
[   11.466556] ubi3: VID header offset: 2048 (aligned 2048), data offset: 4096
[   11.466564] ubi3: good PEBs: 404, bad PEBs: 0, corrupted PEBs: 0
[   11.466573] ubi3: user volume: 1, internal volumes: 1, max. volumes count: 128
[   11.466583] ubi3: max/mean erase counter: 667/345, WL threshold: 4096, image sequence number: 193850837
[   11.466592] ubi3: available PEBs: 0, total reserved PEBs: 404, PEBs reserved for bad PEB handling: 80
[   11.468529] ubi3: background thread "ubi_bgt3d" started, PID 447
[   11.667044] UBIFS (ubi3:0): UBIFS: mounted UBI device 3, volume 0, name "wmBinLib", R/O mode
[   11.667062] UBIFS (ubi3:0): LEB size: 126976 bytes (124 KiB), min./max. I/O unit sizes: 2048 bytes/2048 bytes
[   11.667074] UBIFS (ubi3:0): FS size: 39362560 bytes (37 MiB, 310 LEBs), journal size 6729728 bytes (6 MiB, 53 LEBs)
[   11.667083] UBIFS (ubi3:0): reserved for root: 0 bytes (0 KiB)
[   11.667096] UBIFS (ubi3:0): media format: w4/r0 (latest is w4/r0), UUID 3A8CDAD0-4B10-45F0-ABBC-3310131512E9, small LPT model
[   12.200804] ubi4: attaching mtd19
[   12.293780] ubi4: scanning is finished
[   12.299792] ubi4: attached mtd19 (name "wm_config", size 20 MiB)
[   12.299806] ubi4: PEB size: 131072 bytes (128 KiB), LEB size: 126976 bytes
[   12.299815] ubi4: min./max. I/O unit sizes: 2048/2048, sub-page size 2048
[   12.299824] ubi4: VID header offset: 2048 (aligned 2048), data offset: 4096
[   12.299832] ubi4: good PEBs: 164, bad PEBs: 0, corrupted PEBs: 0
[   12.299841] ubi4: user volume: 1, internal volumes: 1, max. volumes count: 128
[   12.299850] ubi4: max/mean erase counter: 667/351, WL threshold: 4096, image sequence number: 1257122960
[   12.299859] ubi4: available PEBs: 0, total reserved PEBs: 164, PEBs reserved for bad PEB handling: 80
[   12.301926] ubi4: background thread "ubi_bgt4d" started, PID 462
[   12.489177] UBIFS (ubi4:0): UBIFS: mounted UBI device 4, volume 0, name "wmConfig", R/O mode
[   12.489196] UBIFS (ubi4:0): LEB size: 126976 bytes (124 KiB), min./max. I/O unit sizes: 2048 bytes/2048 bytes
[   12.489208] UBIFS (ubi4:0): FS size: 8888320 bytes (8 MiB, 70 LEBs), journal size 2920448 bytes (2 MiB, 23 LEBs)
[   12.489217] UBIFS (ubi4:0): reserved for root: 0 bytes (0 KiB)
[   12.489229] UBIFS (ubi4:0): media format: w4/r0 (latest is w4/r0), UUID C40C8CC5-3C09-4E8C-A780-DA36AF1D870E, small LPT model
[   13.020717] ubi5: attaching mtd20
[   13.113669] ubi5: scanning is finished
[   13.119694] ubi5: attached mtd20 (name "wm_security", size 20 MiB)
[   13.119708] ubi5: PEB size: 131072 bytes (128 KiB), LEB size: 126976 bytes
[   13.119718] ubi5: min./max. I/O unit sizes: 2048/2048, sub-page size 2048
[   13.119726] ubi5: VID header offset: 2048 (aligned 2048), data offset: 4096
[   13.119734] ubi5: good PEBs: 164, bad PEBs: 0, corrupted PEBs: 0
[   13.119743] ubi5: user volume: 1, internal volumes: 1, max. volumes count: 128
[   13.119752] ubi5: max/mean erase counter: 2/1, WL threshold: 4096, image sequence number: 387010037
[   13.119761] ubi5: available PEBs: 0, total reserved PEBs: 164, PEBs reserved for bad PEB handling: 80
[   13.121843] ubi5: background thread "ubi_bgt5d" started, PID 477
[   13.278444] UBIFS (ubi5:0): recovery needed
[   13.321078] UBIFS (ubi5:0): recovery deferred
[   13.321165] UBIFS (ubi5:0): UBIFS: mounted UBI device 5, volume 0, name "wmSecurity", R/O mode
[   13.321177] UBIFS (ubi5:0): LEB size: 126976 bytes (124 KiB), min./max. I/O unit sizes: 2048 bytes/2048 bytes
[   13.321188] UBIFS (ubi5:0): FS size: 8888320 bytes (8 MiB, 70 LEBs), journal size 2920448 bytes (2 MiB, 23 LEBs)
[   13.321197] UBIFS (ubi5:0): reserved for root: 0 bytes (0 KiB)
[   13.321210] UBIFS (ubi5:0): media format: w4/r0 (latest is w4/r0), UUID 6E12E45F-5397-4770-8B76-5C4C918C1705, small LPT model
[   13.861270] sps:BAM 0x07884000 (va:0xd09c0000) enabled: ver:0x18, number of pipes:24
[   13.861600] spichn spi6.0: tony--------------+++ spidev_probe
[   13.861620] spichn spi6.0: setup mode 0, 8 bits/w, 3000000 Hz max --> 0
##############      ###############
current version: none
updating wmBinLib on mtd18 ...
updating wmConfig on mtd19 ...
[    0.000000] Booting Linux on physical CPU 0x0
[    0.000000] Linux version 3.18.48 (liuyu@ubuntu) (gcc version 4.9.3 (GCC) ) #1 PREEMPT Fri May 29 15:42:13 CST 2020
[    0.000000] CPU: ARMv7 Processor [410fc075] revision 5 (ARMv7), cr=10c53c7d
[    0.000000] CPU: PIPT / VIPT nonaliasing data cache, VIPT aliasing instruction cache
[    0.000000] Machine model: Qualcomm Technologies, Inc. MDM 9607 MTP
[    0.000000] Reserved memory: reserved region for node 'modem_adsp_region@0': base 0x82700000, size 83 MiB
[    0.000000] Reserved memory: reserved region for node 'cnss_debug_region@0': base 0x87a00000, size 2 MiB
[    0.000000] Reserved memory: reserved region for node 'external_image_region@0': base 0x87c00000, size 4 MiB
[    0.000000] Removed memory: created DMA memory pool at 0x82700000, size 83 MiB
[    0.000000] Reserved memory: initialized node modem_adsp_region@0, compatible id removed-dma-pool
[    0.000000] Removed memory: created DMA memory pool at 0x87a00000, size 2 MiB
[    0.000000] Reserved memory: initialized node cnss_debug_region@0, compatible id removed-dma-pool
[    0.000000] Removed memory: created DMA memory pool at 0x87c00000, size 4 MiB
[    0.000000] Reserved memory: initialized node external_image_region@0, compatible id removed-dma-pool
[    0.000000] Reserved memory: allocated memory for 'audio_region@0' node: base 0x8fc00000, size 4 MiB
[    0.000000] Reserved memory: created CMA memory pool at 0x8fc00000, size 4 MiB
[    0.000000] Reserved memory: initialized node audio_region@0, compatible id shared-dma-pool
[    0.000000] cma: Reserved 4 MiB at 0x8f800000
[    0.000000] Memory policy: Data cache writeback
[    0.000000] On node 0 totalpages: 64000
[    0.000000] free_area_init_node: node 0, pgdat c0bee454, node_mem_map cf5cc000
[    0.000000]   Normal zone: 512 pages used for memmap
[    0.000000]   Normal zone: 0 pages reserved
[    0.000000]   Normal zone: 64000 pages, LIFO batch:15
[    0.000000] CPU: All CPU(s) started in SVC mode.
[    0.000000] pcpu-alloc: s0 r0 d32768 u32768 alloc=1*32768
[    0.000000] pcpu-alloc: [0] 0 
[    0.000000] Built 1 zonelists in Zone order, mobility grouping on.  Total pages: 63488
[    0.000000] Kernel command line: noinitrd ro console=ttyHSL0,115200,n8 androidboot.hardware=qcom ehci-hcd.park=3 msm_rtb.filter=0x37 lpm_levels.sleep_disabled=1 earlycon=msm_hsl_uart,0x78b0000 androidboot.serialno=31ff9bcf androidboot.authorized_kernel=true androidboot.baseband=msm rootfstype=ubifs rootflags=bulk_read root=ubi0:rootfs ubi.mtd=22 ubi.mtd=13
[    0.000000] PID hash table entries: 1024 (order: 0, 4096 bytes)
[    0.000000] Dentry cache hash table entries: 32768 (order: 5, 131072 bytes)
[    0.000000] Inode-cache hash table entries: 16384 (order: 4, 65536 bytes)
[    0.000000] Memory: 146384K/256000K available (7750K kernel code, 621K rwdata, 3284K rodata, 314K init, 1304K bss, 109616K reserved)
[    0.000000] Virtual kernel memory layout:
[    0.000000]     vector  : 0xffff0000 - 0xffff1000   (   4 kB)
[    0.000000]     fixmap  : 0xffc00000 - 0xfff00000   (3072 kB)
[    0.000000]     vmalloc : 0xd0800000 - 0xff000000   ( 744 MB)
[    0.000000]     lowmem  : 0xc0000000 - 0xd0000000   ( 256 MB)
[    0.000000]     modules : 0xbf000000 - 0xc0000000   (  16 MB)
[    0.000000]       .text : 0xc0008000 - 0xc0799d0c   (7752 kB)
[    0.000000]       .init : 0xc0b0a000 - 0xc0b58a7c   ( 315 kB)
[    0.000000]       .data : 0xc0b5a000 - 0xc0bf55f4   ( 622 kB)
[    0.000000]        .bss : 0xc0bf56b8 - 0xc0d3ba2c   (1305 kB)
[    0.000000] SLUB: HWalign=64, Order=0-3, MinObjects=0, CPUs=1, Nodes=1
[    0.000000] Preemptible hierarchical RCU implementation.
[    0.000000] 
[    0.000000] **********************************************************
[    0.000000] **   NOTICE NOTICE NOTICE NOTICE NOTICE NOTICE NOTICE   **
[    0.000000] **                                                      **
[    0.000000] ** trace_printk() being used. Allocating extra memory.  **
[    0.000000] **                                                      **
[    0.000000] ** This means that this is a DEBUG kernel and it is     **
[    0.000000] ** unsafe for produciton use.                           **
[    0.000000] **                                                      **
[    0.000000] ** If you see this message and you are not debugging    **
[    0.000000] ** the kernel, report this immediately to your vendor!  **
[    0.000000] **                                                      **
[    0.000000] **   NOTICE NOTICE NOTICE NOTICE NOTICE NOTICE NOTICE   **
[    0.000000] **********************************************************
[    0.000000] NR_IRQS:16 nr_irqs:16 16
[    0.000000] GIC CPU mask not found - kernel will fail to boot.
[    0.000000] GIC CPU mask not found - kernel will fail to boot.
[    0.000000] mpm_init_irq_domain(): Cannot find irq controller for qcom,gpio-parent
[    0.000000] MPM 1 irq mapping errored -517
[    0.000000] Architected mmio timer(s) running at 19.20MHz (virt).
[    0.000009] sched_clock: 56 bits at 19MHz, resolution 52ns, wraps every 3579139424256ns
[    0.000025] Switching to timer-based delay loop, resolution 52ns
[    0.000044] Switched to clocksource arch_mem_counter
[    0.000876] Console: colour dummy device 80x30
[    0.000899] Calibrating delay loop (skipped), value calculated using timer frequency.. 38.40 BogoMIPS (lpj=192000)
[    0.000915] pid_max: default: 32768 minimum: 301
[    0.001014] Mount-cache hash table entries: 1024 (order: 0, 4096 bytes)
[    0.001028] Mountpoint-cache hash table entries: 1024 (order: 0, 4096 bytes)
[    0.001532] CPU: Testing write buffer coherency: ok
[    0.001862] Setting up static identity map for 0x80799178 - 0x807991d0
[    0.002898] MSM Memory Dump base table set up
[    0.002937] MSM Memory Dump apps data table set up
[    0.006433] VFP support v0.3: implementor 41 architecture 2 part 30 variant 7 rev 5
[    0.007390] pinctrl core: initialized pinctrl subsystem
[    0.007772] regulator-dummy: no parameters
[    0.043342] NET: Registered protocol family 16
[    0.045195] DMA: preallocated 256 KiB pool for atomic coherent allocations
[    0.100100] cpuidle: using governor ladder
[    0.130093] cpuidle: using governor menu
[    0.160091] cpuidle: using governor qcom
[    0.168257] msm_watchdog b017000.qcom,wdt: wdog absent resource not present
[    0.168530] msm_watchdog b017000.qcom,wdt: MSM Watchdog Initialized
[    0.171434] irq: no irq domain found for /soc/pinctrl@1000000 !
[    0.172518] irq: no irq domain found for /soc/pinctrl@1000000 !
[    0.173210] platform soc:qcom,msm-audio-ion: assigned reserved memory node audio_region@0
[    0.177283] spmi_pmic_arb 200f000.qcom,spmi: PMIC Arb Version-2 0x20010000
[    0.180013] platform 4080000.qcom,mss: assigned reserved memory node modem_adsp_region@0
[    0.180687] irq: no irq domain found for /soc/pinctrl@1000000 !
[    0.181544] irq: no irq domain found for /soc/pinctrl@1000000 !
[    0.182847] mem_acc_corner: 0 <--> 0 mV 
[    0.183995] hw-breakpoint: found 5 (+1 reserved) breakpoint and 4 watchpoint registers.
[    0.184009] hw-breakpoint: maximum watchpoint size is 8 bytes.
[    0.184978] gpiochip_add: registered GPIOs 0 to 79 on device: 1000000.pinctrl
[    0.184999] GPIO chip 1000000.pinctrl: created GPIO range 0->79 ==> 1000000.pinctrl PIN 0->79
[    0.185510] __of_mpm_init(): MPM driver mapping exists
[    0.186066] msm_rpm_glink_dt_parse: qcom,rpm-glink compatible not matches
[    0.186080] msm_rpm_dev_probe: APSS-RPM communication over SMD
[    0.186093] smd_open() before smd_init()
[    0.186723] msm_mpm_dev_probe(): Cannot get clk resource for XO: -517
[    0.189069] smd_channel_probe_now: allocation table not initialized
[    0.191108] mdm9607_s1: 1050 <--> 1350 mV at 1100 mV normal idle 
[    0.191276] spm_regulator_probe: name=mdm9607_s1, range=LV, voltage=1100000 uV, mode=AUTO, step rate=4800 uV/us
[    0.191765] cpr_efuse_init: apc_corner: efuse_addr = 0x000a4000 (len=0x1000)
[    0.191813] cpr_read_fuse_revision: apc_corner: fuse revision = 2
[    0.191832] cpr_parse_speed_bin_fuse: apc_corner: [row: 37]: 0x5900b03231ff9bcf, speed_bits = 4
[    0.191912] cpr_pvs_init: apc_corner: pvs voltage: [1050000 1100000 1225000] uV
[    0.191927] cpr_pvs_init: apc_corner: ceiling voltage: [1050000 1225000 1350000] uV
[    0.191940] cpr_pvs_init: apc_corner: floor voltage: [1050000 1050000 1150000] uV
[    0.195024] msm-thermal soc:qcom,msm-thermal: msm_thermal:Failed reading node=/soc/qcom,msm-thermal, key=qcom,core-limit-temp. err=-22. KTM continues
[    0.195061] msm-thermal soc:qcom,msm-thermal: probe_therm_reset:Failed reading node=/soc/qcom,msm-thermal, key=qcom,therm-reset-temp err=-22. KTM continues
[    0.195118] msm_thermal:msm_thermal_dev_probe Failed reading node=/soc/qcom,msm-thermal, key=qcom,online-hotplug-core. err:-517
[    0.196057] sps:sps is ready.
[    0.198282] msm_rpm_glink_dt_parse: qcom,rpm-glink compatible not matches
[    0.198299] msm_rpm_dev_probe: APSS-RPM communication over SMD
[    0.199219] mdm9607_s2: 750 <--> 1275 mV at 750 mV normal idle 
[    0.199929] mdm9607_s3_level: 0 <--> 0 mV at 0 mV normal idle 
[    0.200559] mdm9607_s3_level_ao: 0 <--> 0 mV at 0 mV normal idle 
[    0.201057] mdm9607_s3_floor_level: 0 <--> 0 mV at 0 mV normal idle 
[    0.201511] mdm9607_s3_level_so: 0 <--> 0 mV at 0 mV normal idle 
[    0.202157] mdm9607_s4: 1800 <--> 1950 mV at 1800 mV normal idle 
[    0.202822] mdm9607_l1: 1250 mV normal idle 
[    0.203476] mdm9607_l2: 1800 mV normal idle 
[    0.204134] mdm9607_l3: 1800 mV normal idle 
[    0.204768] mdm9607_l4: 3075 mV normal idle 
[    0.205426] mdm9607_l5: 1700 <--> 3050 mV at 1700 mV normal idle 
[    0.206041] mdm9607_l6: 1700 <--> 3050 mV at 1700 mV normal idle 
[    0.206638] mdm9607_l7: 1700 <--> 1900 mV at 1700 mV normal idle 
[    0.207252] mdm9607_l8: 1800 mV normal idle 
[    0.207866] mdm9607_l9: 1200 <--> 1250 mV at 1200 mV normal idle 
[    0.208494] mdm9607_l10: 1050 mV normal idle 
[    0.209135] mdm9607_l11: 1800 mV normal idle 
[    0.209763] mdm9607_l12_level: 0 <--> 0 mV at 0 mV normal idle 
[    0.210508] mdm9607_l12_level_ao: 0 <--> 0 mV at 0 mV normal idle 
[    0.210982] mdm9607_l12_level_so: 0 <--> 0 mV at 0 mV normal idle 
[    0.211452] mdm9607_l12_floor_lebel: 0 <--> 0 mV at 0 mV normal idle 
[    0.212101] mdm9607_l13: 1800 <--> 2850 mV at 2850 mV normal idle 
[    0.212735] mdm9607_l14: 2650 <--> 3000 mV at 2650 mV normal idle 
[    0.212958] msm_mpm_dev_probe(): Cannot get clk resource for XO: -517
[    0.213244] cpr_efuse_init: apc_corner: efuse_addr = 0x000a4000 (len=0x1000)
[    0.213291] cpr_read_fuse_revision: apc_corner: fuse revision = 2
[    0.213310] cpr_parse_speed_bin_fuse: apc_corner: [row: 37]: 0x5900b03231ff9bcf, speed_bits = 4
[    0.213390] cpr_pvs_init: apc_corner: pvs voltage: [1050000 1100000 1225000] uV
[    0.213404] cpr_pvs_init: apc_corner: ceiling voltage: [1050000 1225000 1350000] uV
[    0.213418] cpr_pvs_init: apc_corner: floor voltage: [1050000 1050000 1150000] uV
[    0.213605] cpr_init_cpr_parameters: apc_corner: up threshold = 2, down threshold = 3
[    0.213634] cpr_init_cpr_parameters: apc_corner: CPR is enabled by default.
[    0.213683] cpr_init_cpr_efuse: apc_corner: [row:65] = 0x15a00294294368
[    0.213704] cpr_init_cpr_efuse: apc_corner: CPR disable fuse = 0
[    0.213717] cpr_init_cpr_efuse: apc_corner: Corner[1]: ro_sel = 0, target quot = 660
[    0.213730] cpr_init_cpr_efuse: apc_corner: Corner[2]: ro_sel = 0, target quot = 660
[    0.213742] cpr_init_cpr_efuse: apc_corner: Corner[3]: ro_sel = 0, target quot = 872
[    0.213915] cpr_config: apc_corner: Timer count: 0x17700 (for 5000 us)
[    0.214379] apc_corner: 0 <--> 0 mV 
[    0.214938] msm-thermal soc:qcom,msm-thermal: msm_thermal:Failed reading node=/soc/qcom,msm-thermal, key=qcom,core-limit-temp. err=-22. KTM continues
[    0.214970] msm-thermal soc:qcom,msm-thermal: probe_therm_reset:Failed reading node=/soc/qcom,msm-thermal, key=qcom,therm-reset-temp err=-22. KTM continues
[    0.215089] msm_thermal:get_kernel_cluster_info CPU0 topology not initialized.
[    0.215930] cpu cpu0: dev_pm_opp_get_opp_count: device OPP not found (-19)
[    0.215945] msm_thermal:get_cpu_freq_plan_len Error reading CPU0 freq table len. error:-19
[    0.215955] msm_thermal:vdd_restriction_reg_init Defer vdd rstr freq init.
[    0.216435] cpu cpu0: dev_pm_opp_get_opp_count: device OPP not found (-19)
[    0.216450] msm_thermal:get_cpu_freq_plan_len Error reading CPU0 freq table len. error:-19
[    0.216465] cpu cpu0: dev_pm_opp_get_opp_count: device OPP not found (-19)
[    0.216475] msm_thermal:get_cpu_freq_plan_len Error reading CPU0 freq table len. error:-19
[    0.224398] qcom,gcc-mdm9607 1800000.qcom,gcc: Registered GCC clocks
[    0.224818] clock-a7 b010008.qcom,clock-a7: Speed bin: 4 PVS Version: 0
[    0.224886] a7ssmux: set OPP pair(400000000 Hz: 1 uV) on cpu0
[    0.224921] a7ssmux: set OPP pair(1305600000 Hz: 7 uV) on cpu0
[    0.281510] gpiochip_find_base: found new base at 1018
[    0.281649] gpiochip_add: registered GPIOs 1018 to 1023 on device: pm8019-gpio
[    0.281935] qcom,qpnp-pin qpnp-pin-6: qpnp_pin_probe: gpio_chip registered between 1018-1023
[    0.282095] gpiochip_find_base: found new base at 1012
[    0.282222] gpiochip_add: registered GPIOs 1012 to 1017 on device: pm8019-mpp
[    0.282641] qcom,qpnp-pin qpnp-pin-7: qpnp_pin_probe: gpio_chip registered between 1012-1017
[    0.282940] KPI: Bootloader start count = 30099
[    0.282954] KPI: Bootloader end count = 70976
[    0.282965] KPI: Bootloader display count = 924082785
[    0.282974] KPI: Bootloader load kernel count = 23827
[    0.282984] KPI: Kernel MPM timestamp = 93286
[    0.282993] KPI: Kernel MPM Clock frequency = 32768
[    0.283024] socinfo_print: v0.10, id=299, ver=1.0, raw_id=75, raw_ver=0, hw_plat=8, hw_plat_ver=65536
[    0.283024]  accessory_chip=0, hw_plat_subtype=0, pmic_model=65539, pmic_die_revision=131074 foundry_id=1 serial_number=838835151
[    0.283438] of_get_named_gpiod_flags: parsed 'gpio' property of node '/soc/sdcard_ext_vreg[0]' - status (0)
[    0.283642] sdcard_ext_vreg: no parameters
[    0.283828] of_get_named_gpiod_flags: parsed 'gpio' property of node '/soc/rome_vreg[0]' - status (0)
[    0.284005] rome_vreg: no parameters
[    0.284170] of_get_named_gpiod_flags: parsed 'gpio' property of node '/soc/emac_lan_vreg[0]' - status (0)
[    0.284335] emac_lan_vreg: no parameters
[    0.285345] SCSI subsystem initialized
[    0.285702] usbcore: registered new interface driver usbfs
[    0.285782] usbcore: registered new interface driver hub
[    0.285954] usbcore: registered new device driver usb
[    0.286532] i2c-msm-v2 78b6000.i2c: probing driver i2c-msm-v2
[    0.286629] AXI: msm_bus_scale_register_client(): msm_bus_scale_register_client: Bus driver not ready.
[    0.286647] i2c-msm-v2 78b6000.i2c: msm_bus_scale_register_client(mstr-id:86):0 (not a problem)
[    0.287354] i2c-msm-v2 78b8000.i2c: probing driver i2c-msm-v2
[    0.287446] AXI: msm_bus_scale_register_client(): msm_bus_scale_register_client: Bus driver not ready.
[    0.287463] i2c-msm-v2 78b8000.i2c: msm_bus_scale_register_client(mstr-id:86):0 (not a problem)
[    0.290673] pps_core: LinuxPPS API ver. 1 registered
[    0.290691] pps_core: Software ver. 5.3.6 - Copyright 2005-2007 Rodolfo Giometti <giometti@linux.it>
[    0.290732] PTP clock support registered
[    0.291523] cpufreq: driver msm up and running
[    0.292053] platform soc:qcom,ion:qcom,ion-heap@28: assigned reserved memory node audio_region@0
[    0.292547] ION heap system created
[    0.292727] ION heap audio created at 0x8fc00000 with size 400000
[    0.292742] ION heap qsecom created at 0x8f800000 with size 400000
[    0.293095] msm_bus_fabric_init_driver
[    0.299145] qcom,qpnp-power-on qpnp-power-on-1: PMIC@SID0 Power-on reason: Triggered from Hard Reset and 'cold' boot
[    0.299175] qcom,qpnp-power-on qpnp-power-on-1: PMIC@SID0: Power-off reason: Triggered from PS_HOLD (PS_HOLD/MSM controlled shutdown)
[    0.299383] input: qpnp_pon as /devices/virtual/input/input0
[    0.299722] PMIC@SID0: PM8019 v2.2 options: 3, 2, 2, 2
[    0.300563] Advanced Linux Sound Architecture Driver Initialized.
[    0.301114] Bluetooth: cf1e7ed0
[    0.301153] NET: Registered protocol family 31
[    0.301163] Bluetooth: cf1e7ed0
[    0.301177] Bluetooth: cf1e7ec8Bluetooth: cf1e7eb8
[    0.301219] Bluetooth: cf1e7eb8<6>[    0.301476] cfg80211: Calling CRDA to update world regulatory domain
[    0.301504] cfg80211: World regulatory domain updated:
[    0.301513] cfg80211:  DFS Master region: unset
[    0.301521] cfg80211:   (start_freq - end_freq @ bandwidth), (max_antenna_gain, max_eirp), (dfs_cac_time)
[    0.301532] cfg80211:   (2402000 KHz - 2472000 KHz @ 40000 KHz), (N/A, 2000 mBm), (N/A)
[    0.301541] cfg80211:   (2457000 KHz - 2482000 KHz @ 40000 KHz), (N/A, 2000 mBm), (N/A)
[    0.301551] cfg80211:   (2474000 KHz - 2494000 KHz @ 20000 KHz), (N/A, 2000 mBm), (N/A)
[    0.301560] cfg80211:   (5170000 KHz - 5250000 KHz @ 80000 KHz), (N/A, 2000 mBm), (N/A)
[    0.301569] cfg80211:   (5250000 KHz - 5330000 KHz @ 80000 KHz), (N/A, 2000 mBm), (N/A)
[    0.301579] cfg80211:   (5490000 KHz - 5710000 KHz @ 80000 KHz), (N/A, 2000 mBm), (N/A)
[    0.301588] cfg80211:   (5735000 KHz - 5835000 KHz @ 80000 KHz), (N/A, 2000 mBm), (N/A)
[    0.301597] cfg80211:   (57240000 KHz - 63720000 KHz @ 2160000 KHz), (N/A, 0 mBm), (N/A)
[    0.302499] Switched to clocksource arch_mem_counter
[    0.322545] NET: Registered protocol family 2
[    0.323125] TCP established hash table entries: 2048 (order: 1, 8192 bytes)
[    0.323152] TCP bind hash table entries: 2048 (order: 1, 8192 bytes)
[    0.323175] TCP: Hash tables configured (established 2048 bind 2048)
[    0.323222] TCP: reno registered
[    0.323234] UDP hash table entries: 256 (order: 0, 4096 bytes)
[    0.323249] UDP-Lite hash table entries: 256 (order: 0, 4096 bytes)
[    0.323388] NET: Registered protocol family 1
[    0.325069] futex hash table entries: 256 (order: -1, 3072 bytes)
[    0.330375] msgmni has been set to 301
[    0.332098] Block layer SCSI generic (bsg) driver version 0.4 loaded (major 248)
[    0.332118] io scheduler noop registered
[    0.332130] io scheduler deadline registered
[    0.332243] io scheduler cfq registered (default)
[    0.332329] gpiochip_find_base: found new base at 980
[    0.332429] gpiochip_add: registered GPIOs 980 to 1011 on device: smp2p
[    0.332560] gpiochip_find_base: found new base at 948
[    0.332644] gpiochip_add: registered GPIOs 948 to 979 on device: smp2p
[    0.332687] gpiochip_find_base: found new base at 916
[    0.332772] gpiochip_add: registered GPIOs 916 to 947 on device: smp2p
[    0.332885] gpiochip_find_base: found new base at 884
[    0.332964] gpiochip_add: registered GPIOs 884 to 915 on device: smp2p
[    0.332996] gpiochip_find_base: found new base at 852
[    0.333074] gpiochip_add: registered GPIOs 852 to 883 on device: slave-kernel
[    0.333169] gpiochip_find_base: found new base at 852
[    0.333249] gpiochip_add: registered GPIOs 852 to 883 on device: master-kernel
[    0.339309] scm_call failed with error code -4
[    0.339326] msm_audio_protect_memory_region: SCM call failed, scm_call_ret -95 tz_resp 0
[    0.341265] msm_rpm_log_probe: OK
[    0.342299] pil-q6v5-mss 4080000.qcom,mss: Failed to find the pas_id.
[    0.342338] of_get_named_gpiod_flags: parsed 'qcom,gpio-proxy-unvote' property of node '/soc/qcom,mss@4080000[0]' - status (-517)
[    0.343207] of_get_named_gpiod_flags: can't parse 'qcom,tx-gpio' property of node '/soc/uart@78b1000[0]'
[    0.343221] uart_tx_gpio is not available
[    0.343231] of_get_named_gpiod_flags: can't parse 'qcom,rx-gpio' property of node '/soc/uart@78b1000[0]'
[    0.343238] uart_rx_gpio is not available
[    0.343247] of_get_named_gpiod_flags: can't parse 'qcom,cts-gpio' property of node '/soc/uart@78b1000[0]'
[    0.343255] uart_cts_gpio is not available
[    0.343264] of_get_named_gpiod_flags: can't parse 'qcom,rfr-gpio' property of node '/soc/uart@78b1000[0]'
[    0.343270] uart_rfr_gpio is not available
[    0.343334] Wakeup irq not specified.
[    0.343680] sps: BAM device 0x07884000 is not registered yet.
[    0.343928] sps:BAM 0x07884000 is registered.
[    0.345955] 78b1000.uart: ttyHS0 at MMIO 0x78b1000 (irq = 28, base_baud = 460800) is a MSM HS UART
[    0.345971] msm_hs_set_mctrl_locked(): Clocks are off
[    0.347795] of_get_named_gpiod_flags: can't parse 'qcom,tx-gpio' property of node '/soc/uart@78b3000[0]'
[    0.347807] uart_tx_gpio is not available
[    0.347817] of_get_named_gpiod_flags: can't parse 'qcom,rx-gpio' property of node '/soc/uart@78b3000[0]'
[    0.347824] uart_rx_gpio is not available
[    0.347833] of_get_named_gpiod_flags: can't parse 'qcom,cts-gpio' property of node '/soc/uart@78b3000[0]'
[    0.347840] uart_cts_gpio is not available
[    0.347849] of_get_named_gpiod_flags: can't parse 'qcom,rfr-gpio' property of node '/soc/uart@78b3000[0]'
[    0.347856] uart_rfr_gpio is not available
[    0.350273] 78b3000.uart: ttyHS1 at MMIO 0x78b3000 (irq = 29, base_baud = 460800) is a MSM HS UART
[    0.350288] msm_hs_set_mctrl_locked(): Clocks are off
[    0.352139] msm_serial_hs module loaded
[    0.352541] msm_serial_hsl_probe: detected port #0 (ttyHSL0)
[    0.352581] AXI: get_pdata(): Error: Client name not found
[    0.352590] AXI: msm_bus_cl_get_pdata(): client has to provide missing entry for successful registration
[    0.352598] msm_serial_hsl_probe: Bus scaling is disabled
[    0.352706] 78b0000.serial: ttyHSL0 at MMIO 0x78b0000 (irq = 24, base_baud = 460800) is a MSM
[    0.352757] msm_hsl_console_setup: console setup on port #0
[    0.353412] console [ttyHSL0] enabled
[    0.353761] msm_serial_hsl_init: driver initialized
[    0.368041] brd: module loaded
[    0.370450] loop: module loaded
[    0.372720] i2c-core: driver [tabla-i2c-core] using legacy suspend method
[    0.372733] i2c-core: driver [tabla-i2c-core] using legacy resume method
[    0.372830] i2c-core: driver [wcd9xxx-i2c-core] using legacy suspend method
[    0.372838] i2c-core: driver [wcd9xxx-i2c-core] using legacy resume method
[    0.372936] i2c-core: driver [tasha-i2c-core] using legacy suspend method
[    0.372945] i2c-core: driver [tasha-i2c-core] using legacy resume method
[    0.373425] QCE50: __qce_get_device_tree_data: BAM Apps EE is not defined, setting to default 1
[    0.373887] qce 720000.qcedev: Qualcomm Crypto 5.3.3 device found @0x720000
[    0.373905] qce 720000.qcedev: CE device = 0x0
[    0.373905] , IO base, CE = 0xd0b80000
[    0.373905] , Consumer (IN) PIPE 2,    Producer (OUT) PIPE 3
[    0.373905] IO base BAM = 0x  (null)
[    0.373905] BAM IRQ 48
[    0.373905] Engines Availability = 0x2010853
[    0.374162] sps:BAM 0x00704000 is registered.
[    0.374460] sps:BAM 0x00704000 (va:0xd0bc0000) enabled: ver:0x27, number of pipes:8
[    0.374939] QCE50: qce_sps_init:  Qualcomm MSM CE-BAM at 0x0000000000704000 irq 48
[    0.377692] QCE50: __qce_get_device_tree_data: BAM Apps EE is not defined, setting to default 1
[    0.378191] qcrypto 720000.qcrypto: Qualcomm Crypto 5.3.3 device found @0x720000
[    0.378209] qcrypto 720000.qcrypto: CE device = 0x0
[    0.378209] , IO base, CE = 0xd0e40000
[    0.378209] , Consumer (IN) PIPE 4,    Producer (OUT) PIPE 5
[    0.378209] IO base BAM = 0x  (null)
[    0.378209] BAM IRQ 48
[    0.378209] Engines Availability = 0x2010853
[    0.378848] QCE50: qce_sps_init:  Qualcomm MSM CE-BAM at 0x0000000000704000 irq 48
[    0.381160] qcrypto 720000.qcrypto: qcrypto-ecb-aes
[    0.381354] qcrypto 720000.qcrypto: qcrypto-cbc-aes
[    0.381505] qcrypto 720000.qcrypto: qcrypto-ctr-aes
[    0.381646] qcrypto 720000.qcrypto: qcrypto-ecb-des
[    0.381789] qcrypto 720000.qcrypto: qcrypto-cbc-des
[    0.381931] qcrypto 720000.qcrypto: qcrypto-ecb-3des
[    0.382072] qcrypto 720000.qcrypto: qcrypto-cbc-3des
[    0.382213] qcrypto 720000.qcrypto: qcrypto-xts-aes
[    0.382365] qcrypto 720000.qcrypto: qcrypto-sha1
[    0.382511] qcrypto 720000.qcrypto: qcrypto-sha256
[    0.382654] qcrypto 720000.qcrypto: qcrypto-aead-hmac-sha1-cbc-aes
[    0.382802] qcrypto 720000.qcrypto: qcrypto-aead-hmac-sha1-cbc-des
[    0.382951] qcrypto 720000.qcrypto: qcrypto-aead-hmac-sha1-cbc-3des
[    0.383093] qcrypto 720000.qcrypto: qcrypto-aead-hmac-sha256-cbc-aes
[    0.383236] qcrypto 720000.qcrypto: qcrypto-aead-hmac-sha256-cbc-des
[    0.383379] qcrypto 720000.qcrypto: qcrypto-aead-hmac-sha256-cbc-3des
[    0.383520] qcrypto 720000.qcrypto: qcrypto-hmac-sha1
[    0.383665] qcrypto 720000.qcrypto: qcrypto-hmac-sha256
[    0.383808] qcrypto 720000.qcrypto: qcrypto-aes-ccm
[    0.383954] qcrypto 720000.qcrypto: qcrypto-rfc4309-aes-ccm
[    0.384301] SCSI Media Changer driver v0.25 
[    0.387966] sps: BAM device 0x07984000 is not registered yet.
[    0.388229] sps:BAM 0x07984000 is registered.
[    0.388250] msm_nand_bam_init: msm_nand_bam_init: BAM device registered: bam_handle 0xce468c00
[    0.388496] sps:BAM 0x07984000 (va:0xd0b20000) enabled: ver:0x18, number of pipes:7
[    0.390446] msm_nand_parse_smem_ptable: Parsing partition table info from SMEM
[    0.390497] msm_nand_parse_smem_ptable: SMEM partition table found: ver: 4 len: 23
[    0.390523] msm_nand_version_check: nand_major:1, nand_minor:5, qpic_major:1, qpic_minor:5
[    0.390861] msm_nand_flash_onfi_probe: CRC Check failed on param page
[    0.390900] msm_nand_scan: NAND Id: 0x1590acad Buswidth: 8Bits Density: 512 MByte
[    0.390909] msm_nand_scan: pagesize: 2048 Erasesize: 131072 oobsize: 128 (in Bytes)
[    0.390916] msm_nand_scan: BCH ECC: 4 Bit
[    0.390930] msm_nand_scan: CFG0: 0x2a0408c0,           CFG1: 0x0804745c
[    0.390930]             RAWCFG0: 0x2c8400c0,        RAWCFG1: 0x0005055d
[    0.390930]           ECCBUFCFG: 0x00000203,      ECCBCHCFG: 0x42040700
[    0.390930]           RAWECCCFG: 0x42000701, BAD BLOCK BYTE: 0x000001d1
[    0.390958] Creating 23 MTD partitions on "7980000.nand":
[    0.390971] 0x000000000000-0x000000140000 : "sbl"
[    0.391597] 0x000000140000-0x000000280000 : "mibib"
[    0.392130] 0x000000280000-0x000001880000 : "efs2"
[    0.392654] 0x000001880000-0x000001d80000 : "sys_rev"
[    0.393175] 0x000001d80000-0x000002080000 : "rawdata"
[    0.393718] 0x000002080000-0x0000021c0000 : "tz"
[    0.394203] 0x0000021c0000-0x000002300000 : "rpm"
[    0.394691] 0x000002300000-0x000002440000 : "aboot"
[    0.395189] 0x000002440000-0x000002d40000 : "boot"
[    0.395694] 0x000002d40000-0x000003640000 : "recovery"
[    0.396201] 0x000003640000-0x000003c80000 : "image_back"
[    0.396729] 0x000003c80000-0x000004a80000 : "recoveryfs_b"
[    0.397256] 0x000004a80000-0x000005ac0000 : "scrub"
[    0.397805] 0x000005ac0000-0x0000096c0000 : "modem"
[    0.398328] 0x0000096c0000-0x000009800000 : "misc"
[    0.398806] 0x000009800000-0x00000b600000 : "recoveryfs"
[    0.399293] 0x00000b600000-0x00000ee00000 : "qdsp6sw_b"
[    0.399793] 0x00000ee00000-0x000010c80000 : "usr_data"
[    0.400440] 0x000010c80000-0x000013f00000 : "wm_binlib"
[    0.400977] 0x000013f00000-0x000015380000 : "wm_config"
[    0.401520] 0x000015380000-0x000016800000 : "wm_security"
[    0.402060] 0x000016800000-0x00001a200000 : "sys_back"
[    0.402598] 0x00001a200000-0x000020000000 : "system"
[    0.403097] msm_nand_probe: NANDc phys addr 0x7980000, BAM phys addr 0x7984000, BAM IRQ 32
[    0.403108] msm_nand_probe: Allocated DMA buffer at virt_addr 0xcf848000, phys_addr 0x8f848000
[    0.404335] of_get_named_gpiod_flags: can't parse 'qcom,gpio-clk' property of node '/soc/spi@78ba000[0]'
[    0.404352] of_get_named_gpiod_flags: can't parse 'qcom,gpio-miso' property of node '/soc/spi@78ba000[0]'
[    0.404362] of_get_named_gpiod_flags: can't parse 'qcom,gpio-mosi' property of node '/soc/spi@78ba000[0]'
[    0.404372] of_get_named_gpiod_flags: can't parse 'qcom,gpio-cs0' property of node '/soc/spi@78ba000[0]'
[    0.404382] of_get_named_gpiod_flags: can't parse 'qcom,gpio-cs1' property of node '/soc/spi@78ba000[0]'
[    0.404391] of_get_named_gpiod_flags: can't parse 'qcom,gpio-cs2' property of node '/soc/spi@78ba000[0]'
[    0.404400] of_get_named_gpiod_flags: can't parse 'qcom,gpio-cs3' property of node '/soc/spi@78ba000[0]'
[    0.404965] tun: Universal TUN/TAP device driver, 1.6
[    0.404977] tun: (C) 1999-2004 Max Krasnyansky <maxk@qualcomm.com>
[    0.405068] vcan: Virtual CAN interface driver
[    0.405082] CAN device driver interface
[    0.406325] PPP generic driver version 2.4.2
[    0.407390] of_get_named_gpiod_flags: can't parse 'qcom,cap-tsf-gpio' property of node '/soc/qcom,cnss-sdio[0]'
[    0.407410] cnss_sdio 87a00000.qcom,cnss-sdio: cnss_sdio_tsf_init: fail to get irq: -22
[    0.407484] cnss_sdio:cnss_configure_ramdump:558:: ramdump addr: d2c00000, phys: 0x87a00000 subsys:'AR6320'
[    0.407500] cnss_sdio 87a00000.qcom,cnss-sdio: for AR6320 segments only will be dumped.
[    0.407631] subsys-restart: subsys_register(): @Ramos  desc->name =[AR6320]  , subsys->desc name=[AR6320]  fw_name=[AR6320]
[    0.407816] subsys-restart: subsys_set_state(): [cf1e8000]: subsys_set_state 2
[    0.407873] cnss_sdio 87a00000.qcom,cnss-sdio: CNSS SDIO Driver registered
[    0.408277] usbcore: registered new interface driver asix
[    0.408357] usbcore: registered new interface driver ax88179_178a
[    0.408408] usbcore: registered new interface driver cdc_ether
[    0.408456] usbcore: registered new interface driver net1080
[    0.408503] usbcore: registered new interface driver cdc_subset
[    0.408547] usbcore: registered new interface driver zaurus
[    0.408831] usbcore: registered new interface driver cdc_ncm
[    0.409061] msm_otg 78d9000.usb: msm_otg probe
[    0.409320] of_get_named_gpiod_flags: can't parse 'qcom,hub-reset-gpio' property of node '/soc/usb@78d9000[0]'
[    0.409333] of_get_named_gpiod_flags: can't parse 'qcom,usbeth-reset-gpio' property of node '/soc/usb@78d9000[0]'
[    0.409344] of_get_named_gpiod_flags: can't parse 'qcom,sw-sel-gpio' property of node '/soc/usb@78d9000[0]'
[    0.409390] of_get_named_gpiod_flags: parsed 'qcom,usbid-gpio' property of node '/soc/usb@78d9000[0]' - status (0)
[    0.409409] of_get_named_gpiod_flags: can't parse 'qcom,hsusb-otg-vddmin-gpio' property of node '/soc/usb@78d9000[0]'
[    0.411246] msm_otg 78d9000.usb: OTG regs = d08f6000
[    0.413323] ehci_hcd: USB 2.0 'Enhanced' Host Controller (EHCI) Driver
[    0.413646] ehci-msm: Qualcomm On-Chip EHCI Host Controller
[    0.413981] usbcore: registered new interface driver cdc_acm
[    0.413990] cdc_acm: USB Abstract Control Model driver for USB modems and ISDN adapters
[    0.414062] usbcore: registered new interface driver usb-storage
[    0.414106] usbcore: registered new interface driver ums-alauda
[    0.414148] usbcore: registered new interface driver ums-cypress
[    0.414188] usbcore: registered new interface driver ums-datafab
[    0.414230] usbcore: registered new interface driver ums-freecom
[    0.414279] usbcore: registered new interface driver ums-isd200
[    0.414322] usbcore: registered new interface driver ums-jumpshot
[    0.414362] usbcore: registered new interface driver ums-karma
[    0.414402] usbcore: registered new interface driver ums-onetouch
[    0.414443] usbcore: registered new interface driver ums-sddr09
[    0.414483] usbcore: registered new interface driver ums-sddr55
[    0.414523] usbcore: registered new interface driver ums-usbat
[    0.414570] usbcore: registered new interface driver usb_ehset_test
[    0.415490] gbridge_init: gbridge_init successs.
[    0.416949] qcom,qpnp-rtc qpnp-rtc-5: rtc core: registered qpnp_rtc as rtc0
[    0.417119] i2c /dev entries driver
[    0.418008] unable to find DT imem DLOAD mode node
[    0.418350] unable to find DT imem EDLOAD mode node
[    0.418659] unable to find DT imem dload-type node
[    0.419919] [NDH] msm_otg_sm_work: otg_state : undefined => 
[    0.421651] msm_otg 78d9000.usb: phy_reset: success
[    0.441972] Bluetooth: cf1e7ed0
[    0.441985] Bluetooth: cf1e7ec8Bluetooth: cf1e7ec8
[    0.442121] of_get_named_gpiod_flags: parsed 'qca,bt-reset-gpio' property of node '/bt_qca6174[0]' - status (0)
[    0.442135] bt_dt_parse_vreg_info: qca,bt-vdd-core: is not provided in device tree
[    0.442197] bt_power bt_qca6174: no qca,bt-vdd-pa-voltage-level property
[    0.442208] bt_dt_parse_vreg_info: qca,bt-vdd-ldo: is not provided in device tree
[    0.442216] bt_dt_parse_vreg_info: qca,bt-chip-pwd: is not provided in device tree
[    0.443077] sdhci: Secure Digital Host Controller Interface driver
[    0.443089] sdhci: Copyright(c) Pierre Ossman
[    0.443100] sdhci-pltfm: SDHCI platform and OF driver helper
[    0.443700] usbcore: registered new interface driver usbhid
[    0.443711] usbhid: USB HID core driver
[    0.443872] logger: created 256K log 'logger/main'
[    0.443991] logger: created 256K log 'logger/events'
[    0.444061] logger: created 1K log 'logger/radio'
[    0.444178] logger: created 256K log 'logger/system'
[    0.450722] sdhci_msm 7824900.sdhci: sdhci_msm_probe: ICE device is not enabled
[    0.450750] of_get_named_gpiod_flags: can't parse 'cd-gpios' property of node '/soc/sdhci@7824900[0]'
[    0.450770] sdhci_msm 7824900.sdhci: No vreg data found for vdd
[    0.450987] sdhci_msm 7824900.sdhci: sdhci_msm_pm_qos_parse_irq: error -22 reading irq cpu
[    0.450999] sdhci_msm 7824900.sdhci: sdhci_msm_pm_qos_parse: PM QoS voting for IRQ will be disabled
[    0.451011] sdhci_msm 7824900.sdhci: sdhci_msm_pm_qos_parse: PM QoS voting for cpu group will be disabled
[    0.460684] sdhci_msm 7824900.sdhci: sdhci_msm_probe: sdiowakeup_irq = 113
[    0.460979] sdhci_msm 7824900.sdhci: No vmmc regulator found
[    0.460991] sdhci_msm 7824900.sdhci: No vqmmc regulator found
[    0.461429] mmc0: SDHCI controller on 7824900.sdhci [7824900.sdhci] using 32-bit ADMA in legacy mode
[    0.490025] sdhci_msm 7864900.sdhci: sdhci_msm_probe: ICE device is not enabled
[    0.490112] of_get_named_gpiod_flags: can't parse 'cd-gpios' property of node '/soc/sdhci@07864900[0]'
[    0.490133] sdhci_msm 7864900.sdhci: No vreg data found for vdd
[    0.490451] sdhci_msm 7864900.sdhci: sdhci_msm_pm_qos_parse_irq: error -22 reading irq cpu
[    0.490463] sdhci_msm 7864900.sdhci: sdhci_msm_pm_qos_parse: PM QoS voting for IRQ will be disabled
[    0.490475] sdhci_msm 7864900.sdhci: sdhci_msm_pm_qos_parse: PM QoS voting for cpu group will be disabled
[    0.500477] sdhci_msm 7864900.sdhci: No vmmc regulator found
[    0.500493] sdhci_msm 7864900.sdhci: No vqmmc regulator found
[    0.500919] mmc1: SDHCI controller on 7864900.sdhci [7864900.sdhci] using 32-bit ADMA in legacy mode
[    0.530550] msm_otg 78d9000.usb: msm_otg_reset motg->inputs=1, motg->id_state=1
[    0.649209] of_get_named_gpiod_flags: can't parse 'qcom,gpio-mode-sel' property of node '/soc/usb_detect[0]'
[    0.650476] bimc-bwmon 408000.qcom,cpu-bwmon: BW HWmon governor registered.
[    0.651115] devfreq soc:qcom,cpubw: Couldn't update frequency transition information.
[    0.651374] i2c-core: driver [bmi160] using legacy suspend method
[    0.651384] i2c-core: driver [bmi160] using legacy resume method
[    0.651554] coresight-fuse a601c.fuse: QPDI fuse not specified
[    0.651634] coresight-fuse a601c.fuse: Fuse initialized
